###############################################################################
#
# IAR ELF Linker V7.70.1.11437/W32 for ARM                28/Feb/2025  14:18:22
# Copyright 2007-2016 IAR Systems AB.
#
#    Output file  =  exe\Vostok_ACU_A_Debug.out.tmp
#    Map file     =  exe\Vostok_ACU_A_Debug.map
#    Command line =  
#        --semihosting --config config\STM32G0x_config.icf --entry
#        Micro__BootTest -f config\tmp\link_list.txt (os6m_tl__dp.a
#        obj\API003Disc.obj obj\API004Debug.obj obj\API005LowLevel.obj
#        obj\API007App.obj obj\API007BulkData.obj obj\API007Data.obj
#        obj\API007NVData.obj obj\API009System.obj obj\API010PollVar.obj
#        obj\API011AppCtrl.obj obj\API012Exp.obj obj\API013RemoteFunction.obj
#        obj\API018Diagnostic.obj obj\API019ProductInfo.obj
#        obj\API221MotionCtrl.obj obj\APIMotorControl.obj
#        obj\AbsoluteHumidityLLI.obj obj\AccelBaseline.obj
#        obj\AccelDiscover.obj obj\AccelerometerLLI.obj obj\ActivateTask.obj
#        obj\ActivePower.obj obj\AirlockMonitor.obj obj\Airlock_Model.obj
#        obj\AlternateCtrl.obj obj\AlternateLoad.obj obj\AnalogLLI.obj
#        obj\AnalogOutputPilot.obj obj\ApplianceMgr.obj obj\Atod.obj
#        obj\AutostartFactoryCycleMonitor.obj obj\BackgroundThreads.obj
#        obj\BoardDebugging.obj obj\BrownOut.obj obj\Calibration.obj
#        obj\Callback.obj obj\CartridgeDetectionMonitor.obj
#        obj\ChargePumpPilot.obj obj\ClassAFill.obj
#        obj\CommunicationMonitor.obj obj\Condition.obj obj\ConductivityLLI.obj
#        obj\Convert.obj obj\ConvertGI.obj obj\CortexM0Plus_Macro.obj
#        obj\Crc16.obj obj\Crc32.obj obj\Crc8.obj obj\CrossLoads.obj
#        obj\CycleResume.obj obj\DCFanLoad.obj obj\DCLoadCurrentMonitor.obj
#        obj\DataFlash.obj obj\Debug.obj obj\DefaultPin.obj obj\DigitalLLI.obj
#        obj\DigitalOutputMultiPilot.obj obj\DigitalOutputPilot.obj
#        obj\DirectGI.obj obj\DishAuxVar.obj obj\DiverterFaultMonitor.obj
#        obj\DiverterLeakFaultMonitor.obj obj\Dma.obj obj\DoorLockEMPilot.obj
#        obj\DoorLockWaxPilot.obj obj\DoorMonitor.obj
#        obj\DoorOpeningSystemMonitor.obj obj\DoorOpeningSystemPull.obj
#        obj\DoorOpeningSystemPush.obj obj\DoorSwitchGI.obj obj\Dtoa.obj
#        obj\EmbOSBasic.obj obj\EncoderLLI.obj obj\Equation.obj
#        obj\Estimator.obj obj\ExpansionLLI.obj obj\ExpansionPilot.obj
#        obj\ExtInterrupt.obj obj\ExternalMotorPilot.obj obj\FITMgr.obj
#        obj\FSMPilot.obj obj\FXLS8974.obj obj\FanMotorFaultMonitor.obj
#        obj\Fault.obj obj\FaultStatusMonitor.obj obj\FdmCounter.obj
#        obj\FdmTimer.obj obj\FeedbackLLI.obj obj\Fill.obj
#        obj\FillValveStuckOn.obj obj\Filter.obj obj\Flash.obj
#        obj\FlowMeterFaultMonitor.obj obj\GlitchFilter.obj obj\Gpio.obj
#        obj\HCD_Monitor.obj obj\Hbl.obj obj\HblCommon.obj obj\Heat.obj
#        obj\HeatMonitor.obj obj\HeaterCalcificationDetectionMaster.obj
#        obj\HeaterCalcificationDetectionMonitor.obj
#        obj\HeaterLeakageMonitor.obj obj\HeaterLineRelayOpenMonitor.obj
#        obj\HeaterLoad.obj obj\HeaterNeutralRelayOpenMonitor.obj
#        obj\HeaterOpenAndLineRelayClosedMonitor.obj obj\HeaterOpenMonitor.obj
#        obj\HeaterShadowing.obj obj\HotHighPotMonitor.obj
#        obj\I2CInfraredLLI.obj obj\I2CPressureSensorLLI.obj
#        obj\I2CRHTSensorLLI.obj obj\I2c.obj obj\I2cMgr.obj obj\IAPEmul.obj
#        obj\IIRFilter.obj obj\InputCaptureLLI.obj obj\IntMgr.obj
#        obj\Interpreter.obj obj\InterruptVector.obj obj\JumpIf.obj
#        obj\LISxDH.obj obj\LITTFaultMonitor.obj obj\LITTMonitor.obj
#        obj\LoadsControl.obj obj\Log.obj obj\LowPower.obj obj\MCUDebug.obj
#        obj\MagnetronPilot.obj obj\MagnetronPilotMainsSampler.obj
#        obj\MagnetronPilotRelaySync.obj obj\Maintain.obj
#        obj\MasterCommander.obj obj\MathCalc.obj obj\Mci.obj
#        obj\MciZeroCross.obj obj\Mcl.obj obj\MclFireAngleCtrl.obj
#        obj\MclInputProc.obj obj\MclObserver.obj obj\MclTriacDrive.obj
#        obj\MclZeroCross.obj obj\McuGetDataMonitor.obj obj\Micro.obj
#        obj\MicroExt.obj obj\Millis.obj obj\Mode.obj obj\Modifier.obj
#        obj\MoisturePrevention.obj obj\MoisturePreventionMonitor.obj
#        obj\MotorPilot.obj obj\MultiDriverPilot.obj obj\MultiInputLLI.obj
#        obj\MultiSequencePilot.obj obj\NVData.obj obj\NonfunctionalLLI.obj
#        obj\NonfunctionalPilot.obj obj\NormalFill.obj obj\OS_Error.obj
#        obj\OWI.obj obj\OWICalibrationModel.obj obj\OWICalibrationProcess.obj
#        obj\OWIContinousReading.obj obj\OWIMonitor.obj obj\OWIOneShot.obj
#        obj\OWIVoltageRegulatedOutput.obj
#        obj\OWIVoltageRegulatedOutputModel.obj obj\OWI_VRO_Monitor.obj
#        obj\OsServices.obj obj\OverfillMonitor.obj
#        obj\OwiVroContinuousReading.obj obj\OwiVroRead.obj
#        obj\PORTimeMonitor.obj obj\PartialDrainModel.obj
#        obj\PartialDrainProcess.obj obj\PeakDetector.obj obj\Pi.obj
#        obj\PilotRelayFaultMonitor.obj obj\PilotRelayStuckClosedMonitor.obj
#        obj\PilotRelayStuckOpenMonitor.obj obj\PluggingMonitor.obj
#        obj\Plugging_Model.obj obj\ProbeInput.obj obj\ProbeLpsGI.obj
#        obj\ProductInfo.obj obj\PulseCounterLLI.obj obj\PumpCommand.obj
#        obj\PumpControl.obj obj\PumpFlushRequestMonitor.obj
#        obj\PwmHiResPilot.obj obj\PwmPilot.obj obj\Regenerate.obj
#        obj\RegulationAccept.obj obj\Regulations.obj obj\Reveal.obj
#        obj\RinseAid.obj obj\RinseAidDispense.obj obj\RinseAidMonitor.obj
#        obj\Rtc.obj obj\RtcDriver.obj obj\SEGGER_RTT.obj
#        obj\SEGGER_RTT_printf.obj obj\SFUpdater.obj obj\SFVersionCheck.obj
#        obj\SRAPI020Safety.obj obj\SRAnalogLLI.obj obj\SRChargePumpPilot.obj
#        obj\SRClockMonitor.obj obj\SRData.obj obj\SRDigitalLLI.obj
#        obj\SRDigitalOutputMultiPilot.obj obj\SRDigitalOutputPilot.obj
#        obj\SRDoorLockEMPilot.obj obj\SRDoorLockWaxPilot.obj
#        obj\SRException.obj obj\SRFeedbackLLI.obj
#        obj\SRI2CPressureSensorLLI.obj obj\SRICTachometerLLI.obj
#        obj\SRInputCaptureLLI.obj obj\SRIsrMonitor.obj obj\SRMain.obj
#        obj\SRPowerMgr.obj obj\SRProductMgr.obj obj\SRSignature.obj
#        obj\SRTaskMonitor.obj obj\SRTaskSequence.obj obj\SRTimerReference.obj
#        obj\SRTouchKeyLLI.obj obj\SRTriacFeedbackLLI.obj
#        obj\SRUMRelayPilot.obj obj\SRUnusedPinsConfig.obj
#        obj\SW05SoftwareTest.obj obj\SaltSensingMonitor.obj
#        obj\Sanitization.obj obj\SeggerRTT.obj obj\Selector.obj
#        obj\SelfTestFXLS8974.obj obj\SensedDrainModel.obj
#        obj\SensedDrainProcess.obj obj\SetLoadQueue.obj obj\SetVariable.obj
#        obj\SettingFile.obj obj\Spi.obj obj\StabilityControl.obj
#        obj\StabilityControlLoopMonitor.obj obj\StackAnalysis.obj
#        obj\StandbyManager.obj obj\Statistics.obj obj\StatisticsDish.obj
#        obj\Status.obj obj\StatusLed.obj obj\SteadyPwmProfilePilot.obj
#        obj\StepperPilot.obj obj\SubCycle.obj obj\Supervisor.obj
#        obj\SupervisorExtMonitor.obj obj\SystemTimers.obj obj\TankDrain.obj
#        obj\TankFill.obj obj\TestMgr.obj obj\ThermistorFaultMonitor.obj
#        obj\ThermistorOpenMonitor.obj obj\ThermistorShortedMonitor.obj
#        obj\TimeCapture.obj obj\TimeElapse.obj obj\Timeout.obj obj\Timer.obj
#        obj\TimerInterrupt.obj obj\TimerInterruptExt.obj
#        obj\TimingAnalysis.obj obj\TouchKeyLLI.obj obj\TouchSliderLLI.obj
#        obj\TouchWheelLLI.obj obj\TriacCurrentMonitor.obj
#        obj\TriacFeedbackLLI.obj obj\TriacMci.obj
#        obj\TriacShortedDrainFaultMonitor.obj obj\TriacSwitchPilot.obj
#        obj\TriacVoltageMonitor.obj obj\TridgeDetergent.obj obj\Uart.obj
#        obj\Utilities.obj obj\VSDrainMotorFaultMonitor.obj obj\Variable.obj
#        obj\VirtualDigitalLLI.obj obj\VirtualPin.obj
#        obj\VoltageRangeMonitor.obj obj\Vwi.obj obj\VwiMonitor.obj
#        obj\VwiZoneCompensationMonitor.obj obj\WashHeaterFaultMonitor.obj
#        obj\WashMotorFaultMonitor.obj obj\WaterCounterGI.obj obj\Win.obj
#        obj\ZCRelayPilot.obj obj\ZCTriacPilot.obj obj\ZeroCross.obj
#        obj\ZeroCrossMonitor.obj obj\mc_bdm.obj obj\mc_llmem.obj
#        obj\mc_protocol.obj obj\mc_rec.obj obj\mc_scope.obj obj\mc_serial.obj)
#        obj\MicroExtInterruptJumpTable.obj -L
#        ..\Nucleus-Tools-SDK\embOS\arm\v4.26\ARM_IAR_v6 --map
#        exe\Vostok_ACU_A_Debug.map -o exe\Vostok_ACU_A_Debug.out.tmp
#        --image_input config\tmp\settingfile.bin,__Debug_SF,.settingfile*,4
#        --keep __Debug_SF --place_holder MICRO_FLASH_CRC,4,.MICRO_CRC_region,4
#
###############################################################################

*******************************************************************************
*** RUNTIME MODEL ATTRIBUTES
***

CppFlavor       = *
__Heap_Handler  = Basic
__SystemLibrary = DLib


*******************************************************************************
*** PLACEMENT SUMMARY
***

"P1":  place in [from 0x20000000 to 0x20000038] { section .RESET_INFO_HEADER };
"P2":  place in [from 0x20023fd3 to 0x20023fff] { section .RESET_INFO_FOOTER };
"A0":  place at start of [0x08039000-0x0803e7ff] { ro section .settingfile* };
"A1":  place at start of [0x20000038-0x20023fd3] {
          block NVDATA_SECTION_HEADER, block NVDATA_SECTION_APPLIANCE,
          block NVDATA_SECTION_STATISTICS, block NVDATA_SECTION_STATIC_CFG };
"A2":  place at end of [0x08003000-0x08038fff] { ro section .MICRO_CRC_region };
"A3":  place at 0x08000000 { ro section Non_Maskable_Jump_interrupt_table };
"A4":  place at 0x080030c0 { ro section FIT_APPL_TABLE_REGION };
"A5":  place at 0x08003000 { ro section .intvec };
"P4":  place in [from 0x08003000 to 0x08038fff] { ro };
"P5":  place in [from 0x20000038 to 0x20023fd3] { rw };
"A6":  place at end of [0x20000038-0x20023fd3] { block HEAP, block STACKS };
initialize by copy { rw };

  Section                 Kind        Address     Size  Object
  -------                 ----        -------     ----  ------
"A3":                                              0x8
  Non_Maskable_Jump_interrupt_table
                          const    0x08000000      0x8  MicroExtInterruptJumpTable.obj [2]
                                 - 0x08000008      0x8

"A5":                                             0xbc
  .intvec                          0x08003000     0xbc  <Block>
    .intvec               const    0x08003000     0xbc  InterruptVector.obj [2]
                                 - 0x080030bc     0xbc

"P4", part 1 of 2:                                 0x0
  .rodata                 const    0x080030bc      0x0  zero_init3.o [7]
  .rodata                 const    0x080030bc      0x0  packbits_init_single.o [7]

"A4":                                             0x24
  FIT_APPL_TABLE_REGION   const    0x080030c0     0x24  FITMgr.obj [2]
                                 - 0x080030e4     0x24

"P4", part 2 of 2:                             0x307bc
  .text                   ro code  0x080030e4   0x1c26  Supervisor.obj [2]
  .text                   ro code  0x08004d0c    0xa2c  Fault.obj [2]
  .text                   ro code  0x08005738    0xf60  Interpreter.obj [2]
  .text                   ro code  0x08006698    0xc58  Micro.obj [2]
  .text                   ro code  0x080072f0    0x7a0  NVData.obj [2]
  .text                   ro code  0x08007a90     0x64  ABImemset.o [7]
  .text                   ro code  0x08007af4    0x3f2  Selector.obj [2]
  .text                   ro code  0x08007ee8    0x110  Log.obj [2]
  .text                   ro code  0x08007ff8    0x6c0  Statistics.obj [2]
  .text                   ro code  0x080086b8    0xa80  Variable.obj [2]
  .text                   ro code  0x08009138    0x2ac  API012Exp.obj [2]
  .text                   ro code  0x080093e4    0x2bc  Mode.obj [2]
  .text                   ro code  0x080096a0    0x404  ActivateTask.obj [2]
  .text                   ro code  0x08009aa4    0x8b8  Estimator.obj [2]
  .text                   ro code  0x0800a35c    0x61c  CartridgeDetectionMonitor.obj [2]
  .text                   ro code  0x0800a978    0x15c  DoorMonitor.obj [2]
  .text                   ro code  0x0800aad4    0x4bc  Regulations.obj [2]
  .text                   ro code  0x0800af90     0x5c  ABImemcpy.o [7]
  .text                   ro code  0x0800afec    0x1ac  OWIMonitor.obj [2]
  .text                   ro code  0x0800b198     0xd2  MoisturePrevention.obj [2]
  .text                   ro code  0x0800b26c    0x4e4  Fill.obj [2]
  .text                   ro code  0x0800b750    0x840  NormalFill.obj [2]
  .text                   ro code  0x0800bf90    0x1e8  AutostartFactoryCycleMonitor.obj [2]
  .text                   ro code  0x0800c178     0xc8  DiverterLeakFaultMonitor.obj [2]
  .text                   ro code  0x0800c240    0x6bc  HeaterCalcificationDetectionMonitor.obj [2]
  .text                   ro code  0x0800c8fc    0x71c  OwiVroRead.obj [2]
  .text                   ro code  0x0800d018    0x724  StabilityControl.obj [2]
  .text                   ro code  0x0800d73c     0x9c  Sanitization.obj [2]
  .text                   ro code  0x0800d7d8    0x290  RinseAidMonitor.obj [2]
  .text                   ro code  0x0800da68    0x7ac  StatisticsDish.obj [2]
  .text                   ro code  0x0800e214     0x68  TimeElapse.obj [2]
  .text                   ro code  0x0800e27c    0x338  Maintain.obj [2]
  .text                   ro code  0x0800e5b4    0x220  OWIOneShot.obj [2]
  .text                   ro code  0x0800e7d4    0x4d8  ClassAFill.obj [2]
  .text                   ro code  0x0800ecac    0x438  TankFill.obj [2]
  .text                   ro code  0x0800f0e4    0x444  FillValveStuckOn.obj [2]
  .text                   ro code  0x0800f528    0xe64  TriacCurrentMonitor.obj [2]
  .text                   ro code  0x0801038c    0x5d8  DCLoadCurrentMonitor.obj [2]
  .text                   ro code  0x08010964     0xc8  CycleResume.obj [2]
  .text                   ro code  0x08010a2c    0x60c  HeaterShadowing.obj [2]
  .text                   ro code  0x08011038    0x1f0  DoorOpeningSystemMonitor.obj [2]
  .text                   ro code  0x08011228    0x364  MoisturePreventionMonitor.obj [2]
  .text                   ro code  0x0801158c     0xac  ThermistorFaultMonitor.obj [2]
  .text                   ro code  0x08011638    0x448  Heat.obj [2]
  .text                   ro code  0x08011a80    0x1b8  WashHeaterFaultMonitor.obj [2]
  .text                   ro code  0x08011c38     0xd0  PilotRelayFaultMonitor.obj [2]
  .text                   ro code  0x08011d08    0x8c8  SensedDrainProcess.obj [2]
  .text                   ro code  0x080125d0     0xd4  OWIVoltageRegulatedOutput.obj [2]
  .text                   ro code  0x080126a4    0x4d4  DishAuxVar.obj [2]
  .text                   ro code  0x08012b78    0x134  Callback.obj [2]
  .text                   ro code  0x08012cac    0x43e  SettingFile.obj [2]
  .text                   ro code  0x080130ec    0x100  FdmTimer.obj [2]
  .text                   ro code  0x080131ec    0x564  API018Diagnostic.obj [2]
  .text                   ro code  0x08013750    0x12e  SubCycle.obj [2]
  .text                   ro code  0x08013880     0x16  uread4.o [7]
  .text                   ro code  0x08013898    0x600  PumpControl.obj [2]
  .text                   ro code  0x08013e98    0x218  JumpIf.obj [2]
  .text                   ro code  0x080140b0    0x2d4  TankDrain.obj [2]
  .text                   ro code  0x08014384    0x512  SRData.obj [2]
  .text                   ro code  0x08014898    0x17c  CortexM0Plus_Macro.obj [2]
  .text                   ro code  0x08014a14     0x28  data_init.o [7]
  .text                   ro code  0x08014a3c      0xc  cstartup_M.o [7]
  .text                   ro code  0x08014a48    0x9b0  SRMain.obj [2]
  .text                   ro code  0x080153f8    0x260  SRTaskSequence.obj [2]
  .text                   ro code  0x08015658     0xa0  SRException.obj [2]
  .text                   ro code  0x080156f8    0x270  Crc16.obj [2]
  .text                   ro code  0x08015968     0xe0  I32DivModFast.o [7]
  .text                   ro code  0x08015a48    0x12c  Crc8.obj [2]
  .text                   ro code  0x08015b74     0x4c  DataFlash.obj [2]
  .text                   ro code  0x08015bc0    0x580  SRTaskMonitor.obj [2]
  .text                   ro code  0x08016140     0x14  uwrite4.o [7]
  .text                   ro code  0x08016154    0xfa4  Reveal.obj [2]
  .text                   ro code  0x080170f8     0x26  ABImemmove.o [7]
  .text                   ro code  0x08017120    0x168  Millis.obj [2]
  .text                   ro code  0x08017288    0x624  API011AppCtrl.obj [2]
  .text                   ro code  0x080178ac     0x78  Utilities.obj [2]
  .text                   ro code  0x08017924     0x28  memcmp.o [7]
  .text                   ro code  0x0801794c     0x34  I32ToDbl.o [5]
  .text                   ro code  0x08017980    0x550  Modifier.obj [2]
  .text                   ro code  0x08017ed0     0x52  DblToI32.o [5]
  .text                   ro code  0x08017f24   0x1b10  Hbl.obj [2]
  .text                   ro code  0x08019a34    0x1fc  API013RemoteFunction.obj [2]
  .text                   ro code  0x08019c30    0x1d0  ApplianceMgr.obj [2]
  .text                   ro code  0x08019e00    0x1a0  BrownOut.obj [2]
  .text                   ro code  0x08019fa0    0x1ac  OWICalibrationProcess.obj [2]
  .text                   ro code  0x0801a14c    0x470  Regenerate.obj [2]
  .text                   ro code  0x0801a5bc    0x44e  Vwi.obj [2]
  .text                   ro code  0x0801aa0c    0x55c  SystemTimers.obj [2]
  .text                   ro code  0x0801af68    0x1ac  HotHighPotMonitor.obj [2]
  .text                   ro code  0x0801b114    0x100  HeaterCalcificationDetectionMaster.obj [2]
  .text                   ro code  0x0801b214     0x36  I32ToFlt.o [5]
  .text                   ro code  0x0801b24a     0xb0  FltMul.o [5]
  .text                   ro code  0x0801b2fa     0xaa  FltDiv.o [5]
  .text                   ro code  0x0801b3a4    0x120  FltAddSub.o [5]
  .text                   ro code  0x0801b4c4     0x26  FltCmpLe.o [5]
  .text                   ro code  0x0801b4ec     0x3c  lroundf.o [5]
  .text                   ro code  0x0801b528     0xdc  AirlockMonitor.obj [2]
  .text                   ro code  0x0801b604    0x140  PluggingMonitor.obj [2]
  .text                   ro code  0x0801b744    0x280  StabilityControlLoopMonitor.obj [2]
  .text                   ro code  0x0801b9c4    0x230  Condition.obj [2]
  .text                   ro code  0x0801bbf4    0x46c  TriacVoltageMonitor.obj [2]
  .text                   ro code  0x0801c060    0x16c  DoorOpeningSystemPush.obj [2]
  .text                   ro code  0x0801c1cc    0x130  ThermistorOpenMonitor.obj [2]
  .text                   ro code  0x0801c2fc    0x140  ThermistorShortedMonitor.obj [2]
  .text                   ro code  0x0801c43c    0x1d0  HeaterNeutralRelayOpenMonitor.obj [2]
  .text                   ro code  0x0801c60c    0x168  HeaterLineRelayOpenMonitor.obj [2]
  .text                   ro code  0x0801c774    0x17c  HeaterLeakageMonitor.obj [2]
  .text                   ro code  0x0801c8f0    0x188  HeaterOpenMonitor.obj [2]
  .text                   ro code  0x0801ca78    0x19c  HeaterOpenAndLineRelayClosedMonitor.obj [2]
  .text                   ro code  0x0801cc14    0x160  PilotRelayStuckClosedMonitor.obj [2]
  .text                   ro code  0x0801cd74    0x160  PilotRelayStuckOpenMonitor.obj [2]
  .text                   ro code  0x0801ced4    0x844  SensedDrainModel.obj [2]
  .text                   ro code  0x0801d718    0x100  Filter.obj [2]
  .text                   ro code  0x0801d818     0x3a  FltToS32.o [5]
  .text                   ro code  0x0801d854    0x2c2  PartialDrainProcess.obj [2]
  .text                   ro code  0x0801db18     0xc0  PumpCommand.obj [2]
  .text                   ro code  0x0801dbd8    0x304  OWIVoltageRegulatedOutputModel.obj [2]
  .text                   ro code  0x0801dedc    0x6f4  OS_Kern.o [6]
  .text                   ro code  0x0801e5d0     0x20  PumpFlushRequestMonitor.obj [2]
  .text                   ro code  0x0801e5f0     0x1a  cmain.o [7]
  .text                   ro code  0x0801e60c    0x2a8  SRIsrMonitor.obj [2]
  .text                   ro code  0x0801e8b4     0x40  SRTimerReference.obj [2]
  .text                   ro code  0x0801e8f4    0x1a0  SRClockMonitor.obj [2]
  .text                   ro code  0x0801ea94    0x184  Gpio.obj [2]
  .text                   ro code  0x0801ec18    0x3e4  SW05SoftwareTest.obj [2]
  .text                   ro code  0x0801effc    0x130  TimingAnalysis.obj [2]
  .text                   ro code  0x0801f12c    0x130  EmbOSBasic.obj [2]
  .text                   ro code  0x0801f25c     0x2c  OS_Error.obj [2]
  .text                   ro code  0x0801f288     0xa0  TimerInterrupt.obj [2]
  .text                   ro code  0x0801f328    0x14c  OS_CreateTask.o [6]
  .text                   ro code  0x0801f474      0xc  OS_Info.o [6]
  .text                   ro code  0x0801f480    0x124  rtos.o [6]
  .text                   ro code  0x0801f5a4    0x58c  Win.obj [2]
  .text                   ro code  0x0801fb30    0xdc8  Timer.obj [2]
  .text                   ro code  0x080208f8      0x2  IntDivZer.o [7]
  Veneer                  ro code  0x080208fc     0x10  - Linker created -
  .text                   ro code  0x0802090c    0x284  Flash.obj [2]
  .text                   ro code  0x08020b90    0x218  SRPowerMgr.obj [2]
  .text                   ro code  0x08020da8    0x100  SFUpdater.obj [2]
  .text                   ro code  0x08020ea8    0x278  Status.obj [2]
  .text                   ro code  0x08021120     0x4c  lround.o [5]
  .text                   ro code  0x0802116c     0x24  DblCmpEq.o [5]
  .text                   ro code  0x08021190     0x32  DblCmpLe.o [5]
  .text                   ro code  0x080211c2    0x1b4  DblAddSub.o [5]
  .text                   ro code  0x08021378    0x506  Convert.obj [2]
  .text                   ro code  0x0802187e    0x184  DblMul.o [5]
  .text                   ro code  0x08021a02     0xc2  DblDiv.o [5]
  .text                   ro code  0x08021ac4     0x32  FltToDbl.o [5]
  .text                   ro code  0x08021af8     0xec  ExtInterrupt.obj [2]
  .text                   ro code  0x08021be4    0x5f4  ZeroCross.obj [2]
  .text                   ro code  0x080221d8    0xbc0  CrossLoads.obj [2]
  .text                   ro code  0x08022d98    0x134  SRProductMgr.obj [2]
  .text                   ro code  0x08022ecc    0x190  SetLoadQueue.obj [2]
  .text                   ro code  0x0802305c     0x70  HblCommon.obj [2]
  .text                   ro code  0x080230cc     0xfc  PORTimeMonitor.obj [2]
  .text                   ro code  0x080231c8    0x1e4  LITTMonitor.obj [2]
  .text                   ro code  0x080233ac     0xfc  SupervisorExtMonitor.obj [2]
  .text                   ro code  0x080234a8     0x94  OverfillMonitor.obj [2]
  .text                   ro code  0x0802353c     0xac  ZeroCrossMonitor.obj [2]
  .text                   ro code  0x080235e8    0x104  FlowMeterFaultMonitor.obj [2]
  .text                   ro code  0x080236ec    0x110  FaultStatusMonitor.obj [2]
  .text                   ro code  0x080237fc    0x18e  DiverterFaultMonitor.obj [2]
  .text                   ro code  0x0802398c    0x290  WashMotorFaultMonitor.obj [2]
  .text                   ro code  0x08023c1c    0x13e  CommunicationMonitor.obj [2]
  .text                   ro code  0x08023d5c    0x1e8  SaltSensingMonitor.obj [2]
  .text                   ro code  0x08023f44    0x268  HeatMonitor.obj [2]
  .text                   ro code  0x080241ac    0x2b4  TriacShortedDrainFaultMonitor.obj [2]
  .text                   ro code  0x08024460    0x2b8  VoltageRangeMonitor.obj [2]
  .text                   ro code  0x08024718     0x50  RegulationAccept.obj [2]
  .text                   ro code  0x08024768    0x2ec  StatusLed.obj [2]
  .text                   ro code  0x08024a54    0x3d4  OWICalibrationModel.obj [2]
  .text                   ro code  0x08024e28    0x1f0  Mci.obj [2]
  .text                   ro code  0x08025018     0x36  IIRFilter.obj [2]
  .text                   ro code  0x0802504e      0x8  abs.o [4]
  .text                   ro code  0x08025058    0x4c0  HCD_Monitor.obj [2]
  .text                   ro code  0x08025518     0x3c  roundf.o [5]
  .text                   ro code  0x08025554     0x28  FltCmpGe.o [5]
  .text                   ro code  0x0802557c     0x10  errno.o [4]
  .text                   ro code  0x0802558c    0x27c  Airlock_Model.obj [2]
  .text                   ro code  0x08025808    0x2de  Plugging_Model.obj [2]
  .text                   ro code  0x08025ae8    0x2b8  PartialDrainModel.obj [2]
  .text                   ro code  0x08025da0    0x4b0  OWI_VRO_Monitor.obj [2]
  .text                   ro code  0x08026250     0x18  OS_StackInfo.o [6]
  .text                   ro code  0x08026268     0x16  OS_GetCPUState.o [6]
  .text                   ro code  0x08026280     0x1c  OS_InitMode.o [6]
  .text                   ro code  0x0802629c      0x4  low_level_init.o [4]
  .text                   ro code  0x080262a0      0x8  exit.o [4]
  .text                   ro code  0x080262a8     0x28  InterruptVector.obj [2]
  .text                   ro code  0x080262d0     0x6c  StackAnalysis.obj [2]
  .text                   ro code  0x0802633c     0xa8  API004Debug.obj [2]
  .text                   ro code  0x080263e4     0xa0  OS_Stat.o [6]
  .text                   ro code  0x08026484     0x9c  OS_Timing.o [6]
  .text                   ro code  0x08026520     0x74  OS_TICK_Handle.o [6]
  .text                   ro code  0x08026594     0x32  I64Mul.o [7]
  .text                   ro code  0x080265c6     0xa8  I64DivMod.o [7]
  .text                   ro code  0x08026670    0xa60  Uart.obj [2]
  .text                   ro code  0x080270d0    0x1e4  LowPower.obj [2]
  .text                   ro code  0x080272b4    0x246  API009System.obj [2]
  .text                   ro code  0x080274fc    0x800  API007Data.obj [2]
  .text                   ro code  0x08027cfc     0x48  round.o [5]
  .text                   ro code  0x08027d44     0x32  DblCmpGe.o [5]
  .text                   ro code  0x08027d78    0xa4c  AlternateLoad.obj [2]
  .text                   ro code  0x080287c4    0xca0  AlternateCtrl.obj [2]
  .text                   ro code  0x08029464    0x248  HeaterLoad.obj [2]
  .text                   ro code  0x080296ac      0x8  RegulationAccept.obj [2]
  .text                   ro code  0x080296b4      0x4  VirtualPin.obj [2]
  .text                   ro code  0x080296b8     0x58  floor.o [5]
  .text                   ro code  0x08029710     0x58  ceil.o [5]
  .text                   ro code  0x08029768     0x1a  BoardDebugging.obj [2]
  .text                   ro code  0x08029782      0x6  MCUDebug.obj [2]
  .text                   ro code  0x08029788    0x5c4  Mcl.obj [2]
  .text                   ro code  0x08029d4c    0x22c  APIMotorControl.obj [2]
  .text                   ro code  0x08029f78    0x15c  ActivePower.obj [2]
  .text                   ro code  0x0802a0d4     0x4c  MciZeroCross.obj [2]
  .text                   ro code  0x0802a120     0x56  xfdint.o [5]
  .text                   ro code  0x0802a178     0x1c  xtls.o [6]
  .text                   ro code  0x0802a194    0x2de  powf.o [5]
  .text                   ro code  0x0802a474      0xa  cexit.o [7]
  .text                   ro code  0x0802a47e     0x58  OS_SysStackInfo.o [6]
  .text                   ro code  0x0802a4d8     0x8c  OS_TaskStackInfo.o [6]
  .text                   ro code  0x0802a564      0x2  I64DivZer.o [7]
  .text                   ro code  0x0802a568     0x7c  StandbyManager.obj [2]
  .text                   ro code  0x0802a5e4      0x2  McuGetDataMonitor.obj [2]
  .text                   ro code  0x0802a5e8    0x37e  API007BulkData.obj [2]
  .text                   ro code  0x0802a968     0x84  xdint.o [5]
  .text                   ro code  0x0802a9ec     0x18  memchr.o [7]
  .text                   ro code  0x0802aa04     0x24  MasterCommander.obj [2]
  .text                   ro code  0x0802aa28      0x2  MathCalc.obj [2]
  .text                   ro code  0x0802aa2c    0x218  MclInputProc.obj [2]
  .text                   ro code  0x0802ac44    0x494  MclObserver.obj [2]
  .text                   ro code  0x0802b0d8    0x370  MclTriacDrive.obj [2]
  .text                   ro code  0x0802b448     0x64  MclZeroCross.obj [2]
  .text                   ro code  0x0802b4ac    0xa1c  MclFireAngleCtrl.obj [2]
  .text                   ro code  0x0802bec8      0x2  TimerInterruptExt.obj [2]
  .text                   ro code  0x0802becc     0xe0  TimeCapture.obj [2]
  .text                   ro code  0x0802bfac     0xd4  PeakDetector.obj [2]
  .text                   ro code  0x0802c080    0x2a0  Atod.obj [2]
  .text                   ro code  0x0802c320     0x20  FltCmpEq.o [5]
  .text                   ro code  0x0802c340     0x2c  xflog.o [5]
  .text                   ro code  0x0802c36c    0x214  xfexp.o [5]
  .text                   ro code  0x0802c580     0x14  exit.o [8]
  .text                   ro code  0x0802c594    0x1f0  API007App.obj [2]
  .text                   ro code  0x0802c784    0x232  mc_protocol.obj [2]
  .text                   ro code  0x0802c9b8    0x37c  mc_rec.obj [2]
  .text                   ro code  0x0802cd34    0x1bc  mc_serial.obj [2]
  .text                   ro code  0x0802cef0     0x50  GlitchFilter.obj [2]
  .text                   ro code  0x0802cf40     0xa4  Pi.obj [2]
  .text                   ro code  0x0802cfe4     0x6c  xfdscale.o [5]
  .text                   ro code  0x0802d050     0xac  mc_scope.obj [2]
  .text                   ro code  0x0802d0fc     0x94  mc_llmem.obj [2]
  .text                   ro code  0x0802d190    0x8e0  API010PollVar.obj [2]
  .text                   ro code  0x0802da70    0x8e0  LoadsControl.obj [2]
  .text                   ro code  0x0802e350    0x758  API019ProductInfo.obj [2]
  .text                   ro code  0x0802eaa8     0xc4  ProductInfo.obj [2]
  .text                   ro code  0x0802eb6c     0x28  SRSignature.obj [2]
  .text                   ro code  0x0802eb94    0x6b4  API005LowLevel.obj [2]
  .text                   ro code  0x0802f248    0x340  TestMgr.obj [2]
  .text                   ro code  0x0802f588    0x5e4  PwmHiResPilot.obj [2]
  .rodata                 const    0x0802fb6c    0x578  Hbl.obj [2]
  .text                   ro code  0x080300e4    0x518  PwmPilot.obj [2]
  .text                   ro code  0x080305fc    0x4bc  AnalogLLI.obj [2]
  .text                   ro code  0x08030ab8    0x488  TridgeDetergent.obj [2]
  .text                   ro code  0x08030f40    0x478  FeedbackLLI.obj [2]
  .text                   ro code  0x080313b8    0x2f4  PulseCounterLLI.obj [2]
  .text                   ro code  0x080316ac    0x2c8  SteadyPwmProfilePilot.obj [2]
  .text                   ro code  0x08031974    0x288  RinseAid.obj [2]
  .text                   ro code  0x08031bfc    0x23c  ZCRelayPilot.obj [2]
  .text                   ro code  0x08031e38    0x21c  IntMgr.obj [2]
  .rodata                 const    0x08032054    0x200  VirtualPin.obj [2]
  .text                   ro code  0x08032254    0x1ee  RtcDriver.obj [2]
  .text                   ro code  0x08032444    0x1d0  DigitalOutputMultiPilot.obj [2]
  .text                   ro code  0x08032614    0x194  API003Disc.obj [2]
  .text                   ro code  0x080327a8    0x18c  WaterCounterGI.obj [2]
  .text                   ro code  0x08032934    0x17e  DigitalOutputPilot.obj [2]
  .text                   ro code  0x08032ab4    0x168  SetVariable.obj [2]
  .text                   ro code  0x08032c1c    0x160  DigitalLLI.obj [2]
  .text                   ro code  0x08032d7c    0x156  TriacMci.obj [2]
  .text                   ro code  0x08032ed4    0x138  ChargePumpPilot.obj [2]
  .text                   ro code  0x0803300c    0x112  ProbeInput.obj [2]
  .text                   ro code  0x08033120     0xca  DefaultPin.obj [2]
  .text                   ro code  0x080331ec     0xae  ConvertGI.obj [2]
  .text                   ro code  0x0803329a     0x86  RinseAidDispense.obj [2]
  .text                   ro code  0x08033320     0x6c  ExpansionLLI.obj [2]
  .text                   ro code  0x0803338c     0x6a  OWI.obj [2]
  .text                   ro code  0x080333f6     0x4e  DoorOpeningSystemPull.obj [2]
  .text                   ro code  0x08033444     0x46  OWIContinousReading.obj [2]
  .rodata                 const    0x0803348c     0x40  Interpreter.obj [2]
  .text                   ro code  0x080334cc     0x3c  zero_init3.o [7]
  .text                   ro code  0x08033508     0x3c  packbits_init_single.o [7]
  .rodata                 const    0x08033544     0x38  SRTaskSequence.obj [2]
  .text                   ro code  0x0803357c     0x34  FdmCounter.obj [2]
  .text                   ro code  0x080335b0     0x22  OwiVroContinuousReading.obj [2]
  .iar.init_table         const    0x080335d4     0xb0  - Linker created -
  .rodata                 const    0x08033684     0x10  Convert.obj [2]
  .text                   ro code  0x08033694     0x10  Debug.obj [2]
  .text                   ro code  0x080336a4     0x10  MicroExtInterruptJumpTable.obj [2]
  .rodata                 const    0x080336b4      0xc  Variable.obj [2]
  .rodata                 const    0x080336c0      0x4  EmbOSBasic.obj [2]
  .rodata                 const    0x080336c4      0x4  OS_Global.o [6]
  Initializer bytes       const    0x080336c8      0x2  <for __DLIB_PERTHREAD-1>
  Initializer bytes       const    0x080336ca    0x1d6  <for P5-1>
                                 - 0x080338a0  0x307bc

"A2":                                              0x4
  .MICRO_CRC_region       const    0x08038ffc      0x4  Place holder MICRO_FLASH_CRC
                                 - 0x08039000      0x4

"A0":                                              0x2
  .settingfile*           const    0x08039000      0x2  settingfile.bin [1]
                                 - 0x08039002      0x2

"P1":                                             0x34
  .RESET_INFO_HEADER      uninit   0x20000000     0x34  Micro.obj [2]
                                 - 0x20000034     0x34

"A1":                                            0x828
  NVDATA_SECTION_HEADER            0x20000038      0xc  <Block>
    _header_segment       zero     0x20000038      0xc  NVData.obj [2]
  NVDATA_SECTION_APPLIANCE
                                   0x20000044    0x3ec  <Block>
    _appliance_segment    zero     0x20000044     0x34  API007App.obj [2]
    _appliance_segment    zero     0x20000078     0x14  API007App.obj [2]
    _appliance_segment    zero     0x2000008c     0x24  AlternateCtrl.obj [2]
    _appliance_segment    zero     0x200000b0     0x24  CartridgeDetectionMonitor.obj [2]
    _appliance_segment    zero     0x200000d4     0x10  CartridgeDetectionMonitor.obj [2]
    _appliance_segment    zero     0x200000e4      0x9  ClassAFill.obj [2]
    _appliance_segment    zero     0x200000ed      0x2  AutostartFactoryCycleMonitor.obj [2]
    _appliance_segment    zero     0x200000ef      0x1  AlternateCtrl.obj [2]
    _appliance_segment    zero     0x200000f0     0x24  DishAuxVar.obj [2]
    _appliance_segment    zero     0x20000114      0x4  DishAuxVar.obj [2]
    _appliance_segment    zero     0x20000118      0x4  DoorOpeningSystemMonitor.obj [2]
    _appliance_segment    zero     0x2000011c     0x1e  Estimator.obj [2]
    _appliance_segment    zero     0x2000013a      0x2  ActivateTask.obj [2]
    _appliance_segment    zero     0x2000013c     0x34  Fault.obj [2]
    _appliance_segment    zero     0x20000170     0x30  Fill.obj [2]
    _appliance_segment    zero     0x200001a0      0xc  Heat.obj [2]
    _appliance_segment    zero     0x200001ac     0x29  HeaterCalcificationDetectionMonitor.obj [2]
    _appliance_segment    zero     0x200001d6      0x2  DishAuxVar.obj [2]
    _appliance_segment    zero     0x200001d8      0xc  Interpreter.obj [2]
    _appliance_segment    zero     0x200001e4      0x9  Interpreter.obj [2]
    _appliance_segment    zero     0x200001ee      0x6  PumpControl.obj [2]
    _appliance_segment    zero     0x200001f4     0x14  Interpreter.obj [2]
    _appliance_segment    zero     0x20000208     0x14  Interpreter.obj [2]
    _appliance_segment    zero     0x2000021c     0x24  LoadsControl.obj [2]
    _appliance_segment    zero     0x20000240     0x10  Maintain.obj [2]
    _appliance_segment    zero     0x20000250      0x4  Millis.obj [2]
    _appliance_segment    zero     0x20000254     0x16  MoisturePreventionMonitor.obj [2]
    _appliance_segment    zero     0x2000026a      0x2  Sanitization.obj [2]
    _appliance_segment    zero     0x2000026c      0x4  NVData.obj [2]
    _appliance_segment    zero     0x20000270     0x10  NormalFill.obj [2]
    _appliance_segment    zero     0x20000280      0x4  OWICalibrationProcess.obj [2]
    _appliance_segment    zero     0x20000284     0x40  OwiVroRead.obj [2]
    _appliance_segment    zero     0x200002c4      0xc  OwiVroRead.obj [2]
    _appliance_segment    zero     0x200002d0      0x4  PartialDrainProcess.obj [2]
    _appliance_segment    zero     0x200002d4      0x8  PluggingMonitor.obj [2]
    _appliance_segment    zero     0x200002dc      0x9  Regenerate.obj [2]
    _appliance_segment    zero     0x200002e5      0x1  DishAuxVar.obj [2]
    _appliance_segment    zero     0x200002e6      0x1  DishAuxVar.obj [2]
    _appliance_segment    zero     0x200002e7      0x1  DishAuxVar.obj [2]
    _appliance_segment    zero     0x200002e8     0x2c  Regulations.obj [2]
    _appliance_segment    zero     0x20000314     0x2c  Regulations.obj [2]
    _appliance_segment    zero     0x20000340      0xc  RinseAid.obj [2]
    _appliance_segment    zero     0x2000034c      0x4  SW05SoftwareTest.obj [2]
    _appliance_segment    zero     0x20000350      0x4  SaltSensingMonitor.obj [2]
    _appliance_segment    zero     0x20000354      0xc  SensedDrainProcess.obj [2]
    _appliance_segment    zero     0x20000360      0x8  SensedDrainProcess.obj [2]
    _appliance_segment    zero     0x20000368     0x20  StabilityControl.obj [2]
    _appliance_segment    zero     0x20000388      0xc  StabilityControlLoopMonitor.obj [2]
    _appliance_segment    zero     0x20000394     0x24  StatisticsDish.obj [2]
    _appliance_segment    zero     0x200003b8     0x14  Supervisor.obj [2]
    _appliance_segment    zero     0x200003cc      0x8  TankDrain.obj [2]
    _appliance_segment    zero     0x200003d4      0x9  TankFill.obj [2]
    _appliance_segment    zero     0x200003dd      0x1  DishAuxVar.obj [2]
    _appliance_segment    zero     0x200003de      0x1  DishAuxVar.obj [2]
    _appliance_segment    zero     0x200003df      0x1  DishAuxVar.obj [2]
    _appliance_segment    zero     0x200003e0      0x8  TestMgr.obj [2]
    _appliance_segment    zero     0x200003e8      0x6  TimeElapse.obj [2]
    _appliance_segment    zero     0x200003ee      0x1  DishAuxVar.obj [2]
    _appliance_segment    zero     0x200003ef      0x1  DishAuxVar.obj [2]
    _appliance_segment    zero     0x200003f0     0x18  TridgeDetergent.obj [2]
    _appliance_segment    zero     0x20000408      0xc  Variable.obj [2]
    _appliance_segment    zero     0x20000414      0x4  Vwi.obj [2]
    _appliance_segment    zero     0x20000418      0x4  NVData.obj [2]
    _appliance_segment    zero     0x2000041c      0x4  OWIMonitor.obj [2]
    _appliance_segment    zero     0x20000420      0x1  DishAuxVar.obj [2]
    _appliance_segment    zero     0x20000421      0x1  DishAuxVar.obj [2]
    _appliance_segment    zero     0x20000422      0x1  DoorMonitor.obj [2]
    _appliance_segment    zero     0x20000423      0x4  HotHighPotMonitor.obj [2]
    _appliance_segment    zero     0x20000427      0x1  NVData.obj [2]
    _appliance_segment    zero     0x20000428      0x4  RinseAidMonitor.obj [2]
    _appliance_segment    zero     0x2000042c      0x1  Supervisor.obj [2]
    _appliance_segment    zero     0x2000042d      0x1  TestMgr.obj [2]
    _appliance_segment    zero     0x2000042e      0x1  Variable.obj [2]
    _appliance_segment    zero     0x2000042f      0x1  WashHeaterFaultMonitor.obj [2]
  NVDATA_SECTION_STATISTICS
                                   0x20000430    0x32c  <Block>
    _statistics_segment   zero     0x20000430     0x20  API019ProductInfo.obj [2]
    _statistics_segment   zero     0x20000450      0x4  NVData.obj [2]
    _statistics_segment   zero     0x20000454      0x4  SW05SoftwareTest.obj [2]
    _statistics_segment   zero     0x20000458    0x304  Statistics.obj [2]
  NVDATA_SECTION_STATIC_CFG
                                   0x2000075c    0x104  <Block>
    _static_cfg_segment   zero     0x2000075c    0x100  API019ProductInfo.obj [2]
    _static_cfg_segment   zero     0x2000085c      0x4  SW05SoftwareTest.obj [2]
                                 - 0x20000860    0x828

"P5", part 1 of 3:                               0x294
  P5-1                             0x20000860    0x28e  <Init block>
    .data                 inited   0x20000860     0x48  OS_Global.o [6]
    .data                 inited   0x200008a8     0x14  AirlockMonitor.obj [2]
    .data                 inited   0x200008bc     0x18  Gpio.obj [2]
    .data                 inited   0x200008d4     0x50  PartialDrainProcess.obj [2]
    .data                 inited   0x20000924     0x14  PartialDrainProcess.obj [2]
    .data                 inited   0x20000938     0x2c  SensedDrainProcess.obj [2]
    .data                 inited   0x20000964     0x1c  StandbyManager.obj [2]
    .data                 inited   0x20000980      0xc  WashHeaterFaultMonitor.obj [2]
    Veneer                inited   0x2000098c     0x10  - Linker created -
    Veneer                inited   0x2000099c     0x10  - Linker created -
    .textrw               inited   0x200009ac    0x140  Flash.obj [2]
    .data                 inited   0x20000aec      0x2  ProductInfo.obj [2]
  __DLIB_PERTHREAD                 0x20000af0      0x4  <Block>
    __DLIB_PERTHREAD-1             0x20000af0      0x4  <Init block>
      __DLIB_PERTHREAD    inited   0x20000af0      0x4  errno.o [4]
  .bss                    rw data  0x20000af4      0x0  CortexM0Plus_Macro.obj [2]
                                 - 0x20000af4    0x294

"P5", part 2 of 3:                                0x10
  .noinit                 uninit   0x20000af4     0x10  SRException.obj [2]
                                 - 0x20000b04     0x10

"P5", part 3 of 3:                              0x44a4
  .bss                    zero     0x20000b04   0x17c4  mc_rec.obj [2]
  .bss                    zero     0x200022c8    0x40c  Reveal.obj [2]
  .bss                    zero     0x200026d4    0x2a0  Hbl.obj [2]
  .bss                    zero     0x20002974    0x294  API010PollVar.obj [2]
  .bss                    zero     0x20002c08    0x1fc  Reveal.obj [2]
  .bss                    zero     0x20002e04    0x1d8  SRMain.obj [2]
  .bss                    zero     0x20002fdc    0x15c  Reveal.obj [2]
  .bss                    zero     0x20003138    0x140  SystemTimers.obj [2]
  .bss                    zero     0x20003278    0x134  Hbl.obj [2]
  .bss                    zero     0x200033ac    0x134  Mcl.obj [2]
  .bss                    zero     0x200034e0    0x12c  AnalogLLI.obj [2]
  .bss                    zero     0x2000360c    0x11c  SensedDrainProcess.obj [2]
  .bss                    zero     0x20003728    0x100  Reveal.obj [2]
  .bss                    zero     0x20003828    0x100  Win.obj [2]
  .bss                    zero     0x20003928     0xfc  APIMotorControl.obj [2]
  .bss                    zero     0x20003a24     0xd0  Hbl.obj [2]
  .bss                    zero     0x20003af4     0xa0  Hbl.obj [2]
  .bss                    zero     0x20003b94     0x84  Reveal.obj [2]
  .bss                    zero     0x20003c18     0x80  SetLoadQueue.obj [2]
  .bss                    zero     0x20003c98     0x6c  API007BulkData.obj [2]
  .bss                    zero     0x20003d04     0x6c  API013RemoteFunction.obj [2]
  .bss                    zero     0x20003d70     0x6c  TimingAnalysis.obj [2]
  .bss                    zero     0x20003ddc     0x64  Mcl.obj [2]
  .bss                    zero     0x20003e40     0x64  Mcl.obj [2]
  .bss                    zero     0x20003ea4     0x60  HeaterCalcificationDetectionMonitor.obj [2]
  .bss                    zero     0x20003f04     0x60  PumpControl.obj [2]
  .bss                    zero     0x20003f64     0x60  Timer.obj [2]
  .bss                    zero     0x20003fc4     0x54  Mcl.obj [2]
  .bss                    zero     0x20004018     0x54  OWIVoltageRegulatedOutputModel.obj [2]
  .bss                    zero     0x2000406c     0x4c  TridgeDetergent.obj [2]
  .bss                    zero     0x200040b8     0x4c  Win.obj [2]
  .bss                    zero     0x20004104     0x48  AlternateCtrl.obj [2]
  .bss                    zero     0x2000414c     0x48  mc_serial.obj [2]
  .bss                    zero     0x20004194     0x44  DishAuxVar.obj [2]
  .bss                    zero     0x200041d8     0x44  SW05SoftwareTest.obj [2]
  .bss                    zero     0x2000421c     0x42  TriacCurrentMonitor.obj [2]
  .bss                    zero     0x2000425e      0xa  API011AppCtrl.obj [2]
  .bss                    zero     0x20004268     0x40  OWICalibrationProcess.obj [2]
  .bss                    zero     0x200042a8     0x40  Uart.obj [2]
  .bss                    zero     0x200042e8     0x40  Win.obj [2]
  .bss                    zero     0x20004328     0x40  ZeroCross.obj [2]
  .bss                    zero     0x20004368     0x3c  DishAuxVar.obj [2]
  .bss                    zero     0x200043a4     0x3c  LoadsControl.obj [2]
  .bss                    zero     0x200043e0     0x3c  OwiVroRead.obj [2]
  .bss                    zero     0x2000441c     0x3c  SRTaskMonitor.obj [2]
  .bss                    zero     0x20004458     0x3c  SRTaskSequence.obj [2]
  .bss                    zero     0x20004494     0x3c  Vwi.obj [2]
  .bss                    zero     0x200044d0     0x38  Airlock_Model.obj [2]
  .bss                    zero     0x20004508     0x38  Fault.obj [2]
  .bss                    zero     0x20004540     0x38  HeaterShadowing.obj [2]
  .bss                    zero     0x20004578     0x34  API012Exp.obj [2]
  .bss                    zero     0x200045ac     0x34  DigitalLLI.obj [2]
  .bss                    zero     0x200045e0     0x34  MclFireAngleCtrl.obj [2]
  .bss                    zero     0x20004614     0x34  ProductInfo.obj [2]
  .bss                    zero     0x20004648     0x30  Estimator.obj [2]
  .bss                    zero     0x20004678     0x30  Hbl.obj [2]
  .bss                    zero     0x200046a8     0x30  Log.obj [2]
  .bss                    zero     0x200046d8     0x30  Reveal.obj [2]
  .bss                    zero     0x20004708     0x2c  Uart.obj [2]
  .bss                    zero     0x20004734     0x2c  mc_scope.obj [2]
  .bss                    zero     0x20004760     0x28  CartridgeDetectionMonitor.obj [2]
  .bss                    zero     0x20004788     0x28  DigitalOutputPilot.obj [2]
  .bss                    zero     0x200047b0     0x28  MclObserver.obj [2]
  .bss                    zero     0x200047d8     0x28  SFUpdater.obj [2]
  .bss                    zero     0x20004800     0x24  ActivePower.obj [2]
  .bss                    zero     0x20004824     0x22  DCLoadCurrentMonitor.obj [2]
  .bss                    zero     0x20004846      0xa  FaultStatusMonitor.obj [2]
  .bss                    zero     0x20004850     0x20  PluggingMonitor.obj [2]
  .bss                    zero     0x20004870     0x20  SteadyPwmProfilePilot.obj [2]
  .bss                    zero     0x20004890     0x20  Timer.obj [2]
  .bss                    zero     0x200048b0     0x1d  CrossLoads.obj [2]
  .bss                    zero     0x200048cd      0x6  LowPower.obj [2]
  .bss                    zero     0x200048d3      0x5  PilotRelayFaultMonitor.obj [2]
  .bss                    zero     0x200048d8     0x1d  PwmHiResPilot.obj [2]
  .bss                    zero     0x200048f5      0x6  Mode.obj [2]
  .bss                    zero     0x200048fb      0x1  API007BulkData.obj [2]
  .bss                    zero     0x200048fc     0x1c  FlowMeterFaultMonitor.obj [2]
  .bss                    zero     0x20004918     0x1c  Hbl.obj [2]
  .bss                    zero     0x20004934     0x1c  OWIOneShot.obj [2]
  .bss                    zero     0x20004950     0x1b  TriacCurrentMonitor.obj [2]
  .bss                    zero     0x2000496b      0x1  AlternateLoad.obj [2]
  .bss                    zero     0x2000496c     0x1a  TriacVoltageMonitor.obj [2]
  .bss                    zero     0x20004986      0xa  HeaterCalcificationDetectionMaster.obj [2]
  .bss                    zero     0x20004990     0x19  PulseCounterLLI.obj [2]
  .bss                    zero     0x200049a9      0x6  MoisturePreventionMonitor.obj [2]
  .bss                    zero     0x200049af      0x1  BrownOut.obj [2]
  .bss                    zero     0x200049b0     0x19  PwmPilot.obj [2]
  .bss                    zero     0x200049c9      0x2  CartridgeDetectionMonitor.obj [2]
  .bss                    zero     0x200049cb      0x1  CartridgeDetectionMonitor.obj [2]
  .bss                    zero     0x200049cc     0x19  ZCRelayPilot.obj [2]
  .bss                    zero     0x200049e5      0x2  DiverterLeakFaultMonitor.obj [2]
  .bss                    zero     0x200049e7      0x1  DCLoadCurrentMonitor.obj [2]
  .bss                    zero     0x200049e8     0x18  AutostartFactoryCycleMonitor.obj [2]
  .bss                    zero     0x20004a00     0x18  ConvertGI.obj [2]
  .bss                    zero     0x20004a18     0x18  CrossLoads.obj [2]
  .bss                    zero     0x20004a30     0x18  Fault.obj [2]
  .bss                    zero     0x20004a48     0x18  Hbl.obj [2]
  .bss                    zero     0x20004a60     0x18  Hbl.obj [2]
  .bss                    zero     0x20004a78     0x18  HeatMonitor.obj [2]
  .bss                    zero     0x20004a90     0x18  HotHighPotMonitor.obj [2]
  .bss                    zero     0x20004aa8     0x18  NormalFill.obj [2]
  .bss                    zero     0x20004ac0     0x18  OWI_VRO_Monitor.obj [2]
  .bss                    zero     0x20004ad8     0x18  PartialDrainProcess.obj [2]
  .bss                    zero     0x20004af0     0x18  PeakDetector.obj [2]
  .bss                    zero     0x20004b08     0x18  Regulations.obj [2]
  .bss                    zero     0x20004b20     0x18  SW05SoftwareTest.obj [2]
  .bss                    zero     0x20004b38     0x18  Status.obj [2]
  .bss                    zero     0x20004b50     0x18  TriacVoltageMonitor.obj [2]
  .bss                    zero     0x20004b68     0x18  Uart.obj [2]
  .bss                    zero     0x20004b80     0x18  Uart.obj [2]
  .bss                    zero     0x20004b98     0x17  SRIsrMonitor.obj [2]
  .bss                    zero     0x20004baf      0x1  DataFlash.obj [2]
  .bss                    zero     0x20004bb0     0x16  AlternateLoad.obj [2]
  .bss                    zero     0x20004bc6      0xa  StabilityControl.obj [2]
  .bss                    zero     0x20004bd0     0x14  ActivateTask.obj [2]
  .bss                    zero     0x20004be4     0x14  AlternateCtrl.obj [2]
  .bss                    zero     0x20004bf8     0x14  ClassAFill.obj [2]
  .bss                    zero     0x20004c0c     0x14  FillValveStuckOn.obj [2]
  .bss                    zero     0x20004c20     0x14  Hbl.obj [2]
  .bss                    zero     0x20004c34     0x14  Hbl.obj [2]
  .bss                    zero     0x20004c48     0x14  Hbl.obj [2]
  .bss                    zero     0x20004c5c     0x14  OWICalibrationModel.obj [2]
  .bss                    zero     0x20004c70     0x14  PumpControl.obj [2]
  .bss                    zero     0x20004c84     0x14  TankFill.obj [2]
  .bss                    zero     0x20004c98     0x14  WashMotorFaultMonitor.obj [2]
  .bss                    zero     0x20004cac     0x12  FeedbackLLI.obj [2]
  .bss                    zero     0x20004cbe      0x6  API009System.obj [2]
  .bss                    zero     0x20004cc4     0x12  TriacShortedDrainFaultMonitor.obj [2]
  .bss                    zero     0x20004cd6      0x6  Fill.obj [2]
  .bss                    zero     0x20004cdc     0x10  CartridgeDetectionMonitor.obj [2]
  .bss                    zero     0x20004cec     0x10  Fault.obj [2]
  .bss                    zero     0x20004cfc     0x10  Hbl.obj [2]
  .bss                    zero     0x20004d0c     0x10  Interpreter.obj [2]
  .bss                    zero     0x20004d1c     0x10  MclInputProc.obj [2]
  .bss                    zero     0x20004d2c     0x10  Micro.obj [2]
  .bss                    zero     0x20004d3c     0x10  MoisturePrevention.obj [2]
  .bss                    zero     0x20004d4c     0x10  SRClockMonitor.obj [2]
  .bss                    zero     0x20004d5c     0x10  TimingAnalysis.obj [2]
  .bss                    zero     0x20004d6c     0x10  VoltageRangeMonitor.obj [2]
  .bss                    zero     0x20004d7c     0x10  WaterCounterGI.obj [2]
  .bss                    zero     0x20004d8c      0xd  HeaterLoad.obj [2]
  .bss                    zero     0x20004d99      0x2  Fault.obj [2]
  .bss                    zero     0x20004d9b      0x1  DigitalOutputPilot.obj [2]
  .bss                    zero     0x20004d9c      0xd  StabilityControlLoopMonitor.obj [2]
  .bss                    zero     0x20004da9      0x2  Mci.obj [2]
  .bss                    zero     0x20004dab      0x1  DishAuxVar.obj [2]
  .bss                    zero     0x20004dac      0xc  API007App.obj [2]
  .bss                    zero     0x20004db8      0xc  API013RemoteFunction.obj [2]
  .bss                    zero     0x20004dc4      0xc  Heat.obj [2]
  .bss                    zero     0x20004dd0      0xc  Micro.obj [2]
  .bss                    zero     0x20004ddc      0xc  NVData.obj [2]
  .bss                    zero     0x20004de8      0xc  Regenerate.obj [2]
  .bss                    zero     0x20004df4      0xc  RinseAidMonitor.obj [2]
  .bss                    zero     0x20004e00      0xc  SRProductMgr.obj [2]
  .bss                    zero     0x20004e0c      0xc  Status.obj [2]
  .bss                    zero     0x20004e18      0xc  mc_serial.obj [2]
  .bss                    zero     0x20004e24      0xa  SettingFile.obj [2]
  .bss                    zero     0x20004e2e      0x6  ThermistorFaultMonitor.obj [2]
  .bss                    zero     0x20004e34      0x9  DigitalOutputMultiPilot.obj [2]
  .bss                    zero     0x20004e3d      0x2  MciZeroCross.obj [2]
  .bss                    zero     0x20004e3f      0x1  DishAuxVar.obj [2]
  .bss                    zero     0x20004e40      0x9  SaltSensingMonitor.obj [2]
  .bss                    zero     0x20004e49      0x2  NormalFill.obj [2]
  .bss                    zero     0x20004e4b      0x1  Fault.obj [2]
  .bss                    zero     0x20004e4c      0x8  API007App.obj [2]
  .bss                    zero     0x20004e54      0x8  API018Diagnostic.obj [2]
  .bss                    zero     0x20004e5c      0x8  ApplianceMgr.obj [2]
  .bss                    zero     0x20004e64      0x8  CommunicationMonitor.obj [2]
  .bss                    zero     0x20004e6c      0x8  DefaultPin.obj [2]
  .bss                    zero     0x20004e74      0x8  DiverterFaultMonitor.obj [2]
  .bss                    zero     0x20004e7c      0x8  DoorOpeningSystemMonitor.obj [2]
  .bss                    zero     0x20004e84      0x8  DoorOpeningSystemPush.obj [2]
  .bss                    zero     0x20004e8c      0x8  ExpansionLLI.obj [2]
  .bss                    zero     0x20004e94      0x8  JumpIf.obj [2]
  .bss                    zero     0x20004e9c      0x8  LITTMonitor.obj [2]
  .bss                    zero     0x20004ea4      0x8  MclZeroCross.obj [2]
  .bss                    zero     0x20004eac      0x8  OWIMonitor.obj [2]
  .bss                    zero     0x20004eb4      0x8  OWIVoltageRegulatedOutput.obj [2]
  .bss                    zero     0x20004ebc      0x8  Plugging_Model.obj [2]
  .bss                    zero     0x20004ec4      0x8  Regulations.obj [2]
  .bss                    zero     0x20004ecc      0x8  RinseAid.obj [2]
  .bss                    zero     0x20004ed4      0x8  SRPowerMgr.obj [2]
  .bss                    zero     0x20004edc      0x8  SRTimerReference.obj [2]
  .bss                    zero     0x20004ee4      0x8  SensedDrainModel.obj [2]
  .bss                    zero     0x20004eec      0x8  Statistics.obj [2]
  .bss                    zero     0x20004ef4      0x8  StatusLed.obj [2]
  .bss                    zero     0x20004efc      0x8  SubCycle.obj [2]
  .bss                    zero     0x20004f04      0x8  SupervisorExtMonitor.obj [2]
  .bss                    zero     0x20004f0c      0x8  SystemTimers.obj [2]
  .bss                    zero     0x20004f14      0x8  TankDrain.obj [2]
  .bss                    zero     0x20004f1c      0x8  OS_Stat.o [6]
  .bss                    zero     0x20004f24      0x5  ChargePumpPilot.obj [2]
  .bss                    zero     0x20004f29      0x2  ProbeInput.obj [2]
  .bss                    zero     0x20004f2b      0x1  FdmTimer.obj [2]
  .bss                    zero     0x20004f2c      0x5  DoorMonitor.obj [2]
  .bss                    zero     0x20004f31      0x2  SetLoadQueue.obj [2]
  .bss                    zero     0x20004f33      0x1  Hbl.obj [2]
  .bss                    zero     0x20004f34      0x5  Maintain.obj [2]
  .bss                    zero     0x20004f3a      0x2  DishAuxVar.obj [2]
  .bss                    zero     0x20004f3c      0x5  Supervisor.obj [2]
  .bss                    zero     0x20004f41      0x4  API005LowLevel.obj [2]
  .bss                    zero     0x20004f46      0x2  DishAuxVar.obj [2]
  .bss                    zero     0x20004f48      0x4  API019ProductInfo.obj [2]
  .bss                    zero     0x20004f4c      0x4  BrownOut.obj [2]
  .bss                    zero     0x20004f50      0x4  MclTriacDrive.obj [2]
  .bss                    zero     0x20004f54      0x4  Mode.obj [2]
  .bss                    zero     0x20004f58      0x4  OWICalibrationProcess.obj [2]
  .bss                    zero     0x20004f5c      0x4  PORTimeMonitor.obj [2]
  .bss                    zero     0x20004f60      0x4  PumpFlushRequestMonitor.obj [2]
  .bss                    zero     0x20004f64      0x4  StatisticsDish.obj [2]
  .bss                    zero     0x20004f68      0x4  ZeroCrossMonitor.obj [2]
  .bss                    zero     0x20004f6c      0x4  OS_Global.o [6]
  .bss                    zero     0x20004f70      0x4  OS_Global.o [6]
  .bss                    zero     0x20004f74      0x4  OS_Global.o [6]
  .bss                    zero     0x20004f78      0x4  OS_Global.o [6]
  .bss                    zero     0x20004f7c      0x4  OS_Global.o [6]
  .bss                    zero     0x20004f80      0x4  OS_Kern.o [6]
  .bss                    zero     0x20004f84      0x3  TriacMci.obj [2]
  .bss                    zero     0x20004f87      0x1  HeaterLeakageMonitor.obj [2]
  .bss                    zero     0x20004f88      0x1  HeaterLineRelayOpenMonitor.obj [2]
  .bss                    zero     0x20004f89      0x1  HeaterNeutralRelayOpenMonitor.obj [2]
  .bss                    zero     0x20004f8a      0x1  HeaterNeutralRelayOpenMonitor.obj [2]
  .bss                    zero     0x20004f8b      0x1  HeaterOpenAndLineRelayClosedMonitor.obj [2]
  .bss                    zero     0x20004f8c      0x1  HeaterOpenMonitor.obj [2]
  .bss                    zero     0x20004f8d      0x1  HeaterShadowing.obj [2]
  .bss                    zero     0x20004f8e      0x1  HeaterShadowing.obj [2]
  .bss                    zero     0x20004f8f      0x1  Mode.obj [2]
  .bss                    zero     0x20004f90      0x1  NVData.obj [2]
  .bss                    zero     0x20004f91      0x1  OWICalibrationProcess.obj [2]
  .bss                    zero     0x20004f92      0x1  OWIOneShot.obj [2]
  .bss                    zero     0x20004f93      0x1  OverfillMonitor.obj [2]
  .bss                    zero     0x20004f94      0x1  PilotRelayStuckClosedMonitor.obj [2]
  .bss                    zero     0x20004f95      0x1  PilotRelayStuckOpenMonitor.obj [2]
  .bss                    zero     0x20004f96      0x1  PumpFlushRequestMonitor.obj [2]
  .bss                    zero     0x20004f97      0x1  Sanitization.obj [2]
  .bss                    zero     0x20004f98      0x1  StatusLed.obj [2]
  .bss                    zero     0x20004f99      0x1  SteadyPwmProfilePilot.obj [2]
  .bss                    zero     0x20004f9a      0x1  TestMgr.obj [2]
  .bss                    zero     0x20004f9b      0x1  TestMgr.obj [2]
  .bss                    zero     0x20004f9c      0x1  ThermistorOpenMonitor.obj [2]
  .bss                    zero     0x20004f9d      0x1  ThermistorShortedMonitor.obj [2]
  .bss                    zero     0x20004f9e      0x1  TriacCurrentMonitor.obj [2]
  .bss                    zero     0x20004f9f      0x1  TriacShortedDrainFaultMonitor.obj [2]
  .bss                    zero     0x20004fa0      0x1  TriacVoltageMonitor.obj [2]
  .bss                    zero     0x20004fa1      0x1  OS_Global.o [6]
  .bss                    zero     0x20004fa2      0x1  OS_Global.o [6]
  .bss                    zero     0x20004fa3      0x1  OS_Global.o [6]
  .bss                    zero     0x20004fa4      0x1  OS_Global.o [6]
  .bss                    zero     0x20004fa5      0x1  OS_Global.o [6]
  .bss                    zero     0x20004fa6      0x1  OS_Global.o [6]
                                 - 0x20004fa7   0x44a3

"A6":                                            0xf5c
  STACKS                           0x20023070    0xf5c  <Block>
    STACK_OVERFLOW_SIGNATURE
                                   0x20023070     0x10  <Block>
      STACK_OVERFLOW_SIGNATURE
                          uninit   0x20023070     0x10  <Block tail>
    SYSTEM_STACK                   0x20023080    0x400  <Block>
      CSTACK                       0x20023080    0x400  <Block>
        CSTACK            uninit   0x20023080    0x400  <Block tail>
    TASKS_STACK                    0x20023480    0xb3c  <Block>
      TASKS_STACK_SIG_BEFORE_THREADS
                          zero     0x20023480      0x4  SRMain.obj [2]
      TASKS_STACK_MAIN_THREAD
                          zero     0x20023484    0x200  SRMain.obj [2]
      TASKS_STACK_SIG_BETWEEN_THREADS_1
                          zero     0x20023684      0x4  SRMain.obj [2]
      TASKS_STACK_APPMGR_THREAD
                          zero     0x20023688    0x320  SRMain.obj [2]
      TASKS_STACK_SIG_BETWEEN_THREADS_2
                          zero     0x200239a8      0x4  SRMain.obj [2]
      TASKS_STACK_SIG_BETWEEN_THREADS_3
                          zero     0x200239ac      0x4  SRMain.obj [2]
      TASKS_STACK_COMMUNICATION_THREAD
                          zero     0x200239b0    0x200  SRMain.obj [2]
      TASKS_STACK_SIG_BETWEEN_THREADS_4
                          zero     0x20023bb0      0x4  SRMain.obj [2]
      TASKS_STACK_FASTAPPMGR_THREAD
                          zero     0x20023bb4    0x200  SRMain.obj [2]
      TASKS_STACK_SIG_BETWEEN_THREADS_5
                          zero     0x20023db4      0x4  SRMain.obj [2]
      TASKS_STACK_PROGRAMMINGASYNCH_THREAD
                          zero     0x20023db8    0x200  SRMain.obj [2]
      TASKS_STACK_SIG_AFTER_THREADS
                          zero     0x20023fb8      0x4  SRMain.obj [2]
    INTERRUPT_STACK                0x20023fbc      0x0  <Block>
    STACK_UNDERFLOW_SIGNATURE
                                   0x20023fbc     0x10  <Block>
      STACK_UNDERFLOW_SIGNATURE
                          uninit   0x20023fbc     0x10  <Block tail>
                                 - 0x20023fcc    0xf5c

"P2":                                             0x2c
  .RESET_INFO_FOOTER      uninit   0x20023fd4     0x2c  Micro.obj [2]
                                 - 0x20024000     0x2c


*******************************************************************************
*** INIT TABLE
***

          Address     Size
          -------     ----
Zero (__iar_zero_init3)
    17 destination ranges, total size 0x5807:
          0x20000038     0xc
          0x20000044   0x3ec
          0x20000430   0x32c
          0x2000075c   0x104
          0x20000b04  0x44a3
          0x20023480     0x4
          0x20023484   0x200
          0x20023684     0x4
          0x20023688   0x320
          0x200239a8     0x4
          0x200239ac     0x4
          0x200239b0   0x200
          0x20023bb0     0x4
          0x20023bb4   0x200
          0x20023db4     0x4
          0x20023db8   0x200
          0x20023fb8     0x4

Copy/packbits (__iar_packbits_init_single3)
    1 source range, total size 0x1d6 (71% of destination):
          0x080336ca   0x1d6
    1 destination range, total size 0x28e:
          0x20000860   0x28e

Copy/packbits (__iar_packbits_init_single3)
    1 source range, total size 0x2 (50% of destination):
          0x080336c8     0x2
    1 destination range, total size 0x4:
          0x20000af0     0x4



*******************************************************************************
*** MODULE SUMMARY
***

    Module                                   ro code  rw code  ro data  rw data
    ------                                   -------  -------  -------  -------
C:\Data\Nucleus_Dev\Vostok_ACU_A\config\tmp: [1]
    settingfile.bin                                                  2
    ---------------------------------------------------------------------------
    Total:                                                           2

C:\Data\Nucleus_Dev\Vostok_ACU_A\obj: [2]
    API003Disc.obj                               404
    API004Debug.obj                              168
    API005LowLevel.obj                         1 716                          4
    API007App.obj                                496                         92
    API007BulkData.obj                           894                        109
    API007Data.obj                             2 048
    API009System.obj                             582                          6
    API010PollVar.obj                          2 272                        660
    API011AppCtrl.obj                          1 572                         10
    API012Exp.obj                                684                         52
    API013RemoteFunction.obj                     508                        120
    API018Diagnostic.obj                       1 380                          8
    API019ProductInfo.obj                      1 880                        292
    APIMotorControl.obj                          556                        252
    ActivateTask.obj                           1 028                         22
    ActivePower.obj                              348                         36
    AirlockMonitor.obj                           220                15       20
    Airlock_Model.obj                            636                         56
    AlternateCtrl.obj                          3 232                        129
    AlternateLoad.obj                          2 636                         23
    AnalogLLI.obj                              1 212                        300
    ApplianceMgr.obj                             464                          8
    Atod.obj                                     672
    AutostartFactoryCycleMonitor.obj             488                         26
    BoardDebugging.obj                            26
    BrownOut.obj                                 416                          5
    Callback.obj                                 308
    CartridgeDetectionMonitor.obj              1 564                        111
    ChargePumpPilot.obj                          312                          5
    ClassAFill.obj                             1 240                         29
    CommunicationMonitor.obj                     318                          8
    Condition.obj                                560
    Convert.obj                                1 286                16
    ConvertGI.obj                                174                         24
    CortexM0Plus_Macro.obj                       380
    Crc16.obj                                    624
    Crc8.obj                                     300
    CrossLoads.obj                             3 008                         53
    CycleResume.obj                              200
    DCLoadCurrentMonitor.obj                   1 496                         35
    DataFlash.obj                                 76                          1
    Debug.obj                                     16
    DefaultPin.obj                               202                          8
    DigitalLLI.obj                               352                         52
    DigitalOutputMultiPilot.obj                  464                          9
    DigitalOutputPilot.obj                       382                         41
    DishAuxVar.obj                             1 236                        186
    DiverterFaultMonitor.obj                     398                          8
    DiverterLeakFaultMonitor.obj                 200                          2
    DoorMonitor.obj                              348                          6
    DoorOpeningSystemMonitor.obj                 496                         12
    DoorOpeningSystemPull.obj                     78
    DoorOpeningSystemPush.obj                    364                          8
    EmbOSBasic.obj                               304                 4
    Estimator.obj                              2 232                         78
    ExpansionLLI.obj                             108                          8
    ExtInterrupt.obj                             236
    FITMgr.obj                                                      36
    Fault.obj                                  2 604                        151
    FaultStatusMonitor.obj                       272                         10
    FdmCounter.obj                                52
    FdmTimer.obj                                 256                          1
    FeedbackLLI.obj                            1 144                         18
    Fill.obj                                   1 252                         54
    FillValveStuckOn.obj                       1 092                         20
    Filter.obj                                   256
    Flash.obj                                    644      320      230
    FlowMeterFaultMonitor.obj                    260                         28
    GlitchFilter.obj                              80
    Gpio.obj                                     388                17       24
    HCD_Monitor.obj                            1 216
    Hbl.obj                                    6 928             1 400    1 549
    HblCommon.obj                                112
    Heat.obj                                   1 096                         24
    HeatMonitor.obj                              616                         24
    HeaterCalcificationDetectionMaster.obj       256                         10
    HeaterCalcificationDetectionMonitor.obj    1 724                        137
    HeaterLeakageMonitor.obj                     380                          1
    HeaterLineRelayOpenMonitor.obj               360                          1
    HeaterLoad.obj                               584                         13
    HeaterNeutralRelayOpenMonitor.obj            464                          2
    HeaterOpenAndLineRelayClosedMonitor.obj      412                          1
    HeaterOpenMonitor.obj                        392                          1
    HeaterShadowing.obj                        1 548                         58
    HotHighPotMonitor.obj                        428                         28
    IIRFilter.obj                                 54
    IntMgr.obj                                   540
    Interpreter.obj                            3 936                64       77
    InterruptVector.obj                           40               188
    JumpIf.obj                                   536                          8
    LITTMonitor.obj                              484                          8
    LoadsControl.obj                           2 272                         96
    Log.obj                                      272                         48
    LowPower.obj                                 484                          6
    MCUDebug.obj                                   6
    Maintain.obj                                 824                         21
    MasterCommander.obj                           36
    MathCalc.obj                                   2
    Mci.obj                                      496                          2
    MciZeroCross.obj                              76                          2
    Mcl.obj                                    1 476                        592
    MclFireAngleCtrl.obj                       2 588                         52
    MclInputProc.obj                             536                         16
    MclObserver.obj                            1 172                         40
    MclTriacDrive.obj                            880                          4
    MclZeroCross.obj                             100                          8
    McuGetDataMonitor.obj                          2
    Micro.obj                                  3 160                        124
    MicroExtInterruptJumpTable.obj                16                 8
    Millis.obj                                   360                          4
    Mode.obj                                     700                         11
    Modifier.obj                               1 360
    MoisturePrevention.obj                       210                         16
    MoisturePreventionMonitor.obj                868                         28
    NVData.obj                                 1 952                         38
    NormalFill.obj                             2 112                         42
    OS_Error.obj                                  44
    OWI.obj                                      106
    OWICalibrationModel.obj                      980                         20
    OWICalibrationProcess.obj                    428                         73
    OWIContinousReading.obj                       70
    OWIMonitor.obj                               428                         12
    OWIOneShot.obj                               544                         29
    OWIVoltageRegulatedOutput.obj                212                          8
    OWIVoltageRegulatedOutputModel.obj           772                         84
    OWI_VRO_Monitor.obj                        1 200                         24
    OverfillMonitor.obj                          148                          1
    OwiVroContinuousReading.obj                   34
    OwiVroRead.obj                             1 820                        136
    PORTimeMonitor.obj                           252                          4
    PartialDrainModel.obj                        696
    PartialDrainProcess.obj                      706                72      128
    PeakDetector.obj                             212                         24
    Pi.obj                                       164
    PilotRelayFaultMonitor.obj                   208                          5
    PilotRelayStuckClosedMonitor.obj             352                          1
    PilotRelayStuckOpenMonitor.obj               352                          1
    PluggingMonitor.obj                          320                         40
    Plugging_Model.obj                           734                          8
    ProbeInput.obj                               274                          2
    ProductInfo.obj                              196                 1       54
    PulseCounterLLI.obj                          756                         25
    PumpCommand.obj                              192
    PumpControl.obj                            1 536                        122
    PumpFlushRequestMonitor.obj                   32                          5
    PwmHiResPilot.obj                          1 508                         29
    PwmPilot.obj                               1 304                         25
    Regenerate.obj                             1 136                         21
    RegulationAccept.obj                          88
    Regulations.obj                            1 212                        120
    Reveal.obj                                 4 004                      2 328
    RinseAid.obj                                 648                         20
    RinseAidDispense.obj                         134
    RinseAidMonitor.obj                          656                         16
    RtcDriver.obj                                494
    SFUpdater.obj                                256                         40
    SRClockMonitor.obj                           416                         16
    SRData.obj                                 1 298
    SRException.obj                              160                         16
    SRIsrMonitor.obj                             680                         23
    SRMain.obj                                 2 480                      3 348
    SRPowerMgr.obj                               536                          8
    SRProductMgr.obj                             308                         12
    SRSignature.obj                               40
    SRTaskMonitor.obj                          1 408                         60
    SRTaskSequence.obj                           608                56       60
    SRTimerReference.obj                          64                          8
    SW05SoftwareTest.obj                         996                        104
    SaltSensingMonitor.obj                       488                         13
    Sanitization.obj                             156                          3
    Selector.obj                               1 010
    SensedDrainModel.obj                       2 116                          8
    SensedDrainProcess.obj                     2 248                31      348
    SetLoadQueue.obj                             400                        130
    SetVariable.obj                              360
    SettingFile.obj                            1 086                         10
    StabilityControl.obj                       1 828                         42
    StabilityControlLoopMonitor.obj              640                         25
    StackAnalysis.obj                            108
    StandbyManager.obj                           124                20       28
    Statistics.obj                             1 728                        780
    StatisticsDish.obj                         1 964                         40
    Status.obj                                   632                         36
    StatusLed.obj                                748                          9
[...]
Water_Counter_GI_Sequence_ID_Old
                        0x20004197     0x1  Data  Lc  DishAuxVar.obj [2]
Water_Counter_Input_Sequence_Id_Old
                        0x200048fd     0x1  Data  Lc  FlowMeterFaultMonitor.obj [2]
Water_Loaded_Since_Last_Regen
                        0x2000010e     0x2  Data  Lc  DishAuxVar.obj [2]
Water_Present           0x200000f1     0x1  Data  Gb  DishAuxVar.obj [2]
Water_Tank_State        0x200000f4     0x1  Data  Gb  DishAuxVar.obj [2]
WinIncomingProcess      0x0801f891   0x240  Code  Lc  Win.obj [2]
WinOutgoingProcess      0x0801f743   0x146  Code  Lc  Win.obj [2]
Win_Break_Counter       0x2000431c     0x2  Data  Lc  Win.obj [2]
Win_Bus_Idle            0x200042f2     0x1  Data  Lc  Win.obj [2]
Win_Bus_Idle_Timer      0x200042f3     0x1  Data  Lc  Win.obj [2]
Win_Check_Index         0x20004314     0x2  Data  Lc  Win.obj [2]
Win_Check_Tx_Pointer    0x20004324     0x4  Data  Lc  Win.obj [2]
Win_Header              0x200042e8     0x8  Data  Lc  Win.obj [2]
Win_Node_Status         0x2000431a     0x2  Data  Lc  Win.obj [2]
Win_Remaining_Data      0x20004316     0x2  Data  Lc  Win.obj [2]
Win_Retry               0x200042f4     0x1  Data  Lc  Win.obj [2]
Win_Retry_Collision     0x200042f5     0x1  Data  Lc  Win.obj [2]
Win_Rx_Buffer           0x20003828   0x100  Data  Lc  Win.obj [2]
Win_Rx_Crc              0x200042f1     0x1  Data  Lc  Win.obj [2]
Win_Rx_Index            0x20004318     0x2  Data  Lc  Win.obj [2]
Win_Rx_Message_State    0x200042f8     0x1  Data  Gb  Win.obj [2]
Win_Rx_Message_Time     0x20004300     0x1  Data  Lc  Win.obj [2]
Win_Rx_State            0x200042f7     0x1  Data  Lc  Win.obj [2]
Win_Timer               0x200042f0     0x1  Data  Lc  Win.obj [2]
Win_Tx_Buffer           0x200040b8    0x4c  Data  Lc  Win.obj [2]
Win_Tx_Message_State    0x200042f9     0x1  Data  Gb  Win.obj [2]
Win_Tx_Pointer          0x20004320     0x4  Data  Lc  Win.obj [2]
Win_Tx_State            0x200042f6     0x1  Data  Lc  Win.obj [2]
Win_Tx_Status           0x200042fa     0x1  Data  Lc  Win.obj [2]
Win__AllocateMessage    0x0801f669    0x12  Code  Gb  Win.obj [2]
Win__FreeIncomingMessage
                        0x0801f64f    0x1a  Code  Gb  Win.obj [2]
Win__GetAddress         0x0801f603     0x4  Code  Gb  Win.obj [2]
Win__GetBusStatus       0x0801f721    0x22  Code  Gb  Win.obj [2]
Win__GetIncomingMessage
                        0x0801f629    0x26  Code  Gb  Win.obj [2]
Win__Handle1ms          0x0801f607    0x22  Code  Gb  Win.obj [2]
Win__Initialize         0x0801f5a5    0x5e  Code  Gb  Win.obj [2]
Win__QueueMessage       0x0801f67b    0x80  Code  Gb  Win.obj [2]
Win__SendBreak          0x0801f6fb    0x12  Code  Gb  Win.obj [2]
Win__StopBreak          0x0801f70d    0x10  Code  Gb  Win.obj [2]
WriteTag                0x0800a75d   0x13c  Code  Lc  CartridgeDetectionMonitor.obj [2]
WriteTagData            0x20004760    0x10  Data  Lc  CartridgeDetectionMonitor.obj [2]
WriteTagMachine         0x0800a8fd    0x5e  Code  Lc  CartridgeDetectionMonitor.obj [2]
WriteTagMachineStatus   0x20004780     0x1  Data  Lc  CartridgeDetectionMonitor.obj [2]
WriteTagPull            0x0800a8c5    0x34  Code  Lc  CartridgeDetectionMonitor.obj [2]
WriteTagPush            0x0800a899    0x28  Code  Lc  CartridgeDetectionMonitor.obj [2]
WriteTagTimer           0x200049cb     0x1  Data  Lc  CartridgeDetectionMonitor.obj [2]
ZCRelayPilot_Allocation
                        0x200049e4     0x1  Data  Lc  ZCRelayPilot.obj [2]
ZCRelayPilot_Data       0x200049cc    0x18  Data  Lc  ZCRelayPilot.obj [2]
ZCRelayPilot__Allocate  0x08031c0f    0x12  Code  Gb  ZCRelayPilot.obj [2]
ZCRelayPilot__AsynchProcess
                        0x08031ccd   0x116  Code  Gb  ZCRelayPilot.obj [2]
ZCRelayPilot__GetProcessed
                        0x08031dfd    0x32  Code  Gb  ZCRelayPilot.obj [2]
ZCRelayPilot__GetRequested
                        0x08031de3    0x1a  Code  Gb  ZCRelayPilot.obj [2]
ZCRelayPilot__Initialize
                        0x08031bfd    0x12  Code  Gb  ZCRelayPilot.obj [2]
ZCRelayPilot__InitializeInstance
                        0x08031c21    0x6a  Code  Gb  ZCRelayPilot.obj [2]
ZCRelayPilot__Process   0x08031cad    0x20  Code  Gb  ZCRelayPilot.obj [2]
ZCRelayPilot__Request   0x08031c8b    0x22  Code  Gb  ZCRelayPilot.obj [2]
ZEROCROSS_LOBE_THRESHOLDS
                        0x08022148    0x90  Data  Lc  ZeroCross.obj [2]
ZeroCrossHandler        0x08018d11    0xd8  Code  Lc  Hbl.obj [2]
ZeroCrossLobeDetection  0x08021e21   0x184  Code  Lc  ZeroCross.obj [2]
ZeroCrossMonitor__Execution
                        0x08023595    0x4a  Code  Gb  ZeroCrossMonitor.obj [2]
ZeroCrossMonitor__Initialize
                        0x0802353d    0x58  Code  Gb  ZeroCrossMonitor.obj [2]
ZeroCross_Blackout      0x20004364     0x4  Data  Lc  ZeroCross.obj [2]
ZeroCross_Current_Neg_Lobe
                        0x20004360     0x4  Data  Lc  ZeroCross.obj [2]
ZeroCross_Current_Pos_Lobe
                        0x2000435c     0x4  Data  Lc  ZeroCross.obj [2]
ZeroCross_Cycle         0x20004342     0x2  Data  Lc  ZeroCross.obj [2]
ZeroCross_Cycle_Offset  0x20004344     0x2  Data  Lc  ZeroCross.obj [2]
ZeroCross_Cycle_Timer   0x20004340     0x2  Data  Lc  ZeroCross.obj [2]
ZeroCross_Debounce_Counter
                        0x2000433d     0x1  Data  Lc  ZeroCross.obj [2]
ZeroCross_Event         0x20004337     0x1  Data  Lc  ZeroCross.obj [2]
ZeroCross_Filter_In     0x20004330     0x4  Data  Lc  ZeroCross.obj [2]
ZeroCross_Filter_Out    0x2000434c    0x10  Data  Lc  ZeroCross.obj [2]
ZeroCross_Gpio_Pin      0x20004339     0x1  Data  Lc  ZeroCross.obj [2]
ZeroCross_Gpio_Port     0x20004338     0x1  Data  Lc  ZeroCross.obj [2]
ZeroCross_Index         0x20004cbc     0x1  Data  Lc  FeedbackLLI.obj [2]
ZeroCross_Lobe          0x20004336     0x1  Data  Lc  ZeroCross.obj [2]
ZeroCross_Lobe_Tracking
                        0x20004334     0x1  Data  Lc  ZeroCross.obj [2]
ZeroCross_Monitor_Is_Active
                        0x20004f69     0x1  Data  Lc  ZeroCrossMonitor.obj [2]
ZeroCross_Pin_Timer     0x20004328     0x8  Data  Lc  ZeroCross.obj [2]
ZeroCross_State         0x20004335     0x1  Data  Lc  ZeroCross.obj [2]
ZeroCross_Timer_Count_Id
                        0x2000433c     0x1  Data  Lc  ZeroCross.obj [2]
ZeroCross__AsyncHandler
                        0x08021c79    0x6a  Code  Gb  ZeroCross.obj [2]
ZeroCross__Config       0x08021c3d    0x3c  Code  Gb  ZeroCross.obj [2]
ZeroCross__FastHandler  0x08021ce3    0xba  Code  Gb  ZeroCross.obj [2]
ZeroCross__GetAngle     0x08021dab    0x48  Code  Gb  ZeroCross.obj [2]
ZeroCross__GetFrequency
                        0x08021d9d     0xe  Code  Gb  ZeroCross.obj [2]
ZeroCross__Initialize   0x08021be5    0x58  Code  Gb  ZeroCross.obj [2]
Zero_Cross_Present      0x20004f68     0x1  Data  Lc  ZeroCrossMonitor.obj [2]
Zero_Events_Sequence    0x2000433b     0x1  Data  Lc  ZeroCross.obj [2]
_DelayUntil             0x0801e505    0x74  Code  Lc  OS_Kern.o [6]
__DLIB_PERTHREAD$$Base  0x20000af0           --   Gb  - Linker created -
__DLIB_PERTHREAD$$Limit
                        0x20000af4           --   Gb  - Linker created -
__DMB                   0x080148b1          Code  Gb  CortexM0Plus_Macro.obj [2]
__DSB                   0x080148ab          Code  Gb  CortexM0Plus_Macro.obj [2]
__DataFlash_End {Abs}   0x0803ffff          Data  Gb  command line/config [3]
__DataFlash_End__ {Abs}
                        0x0803ffff          Data  Gb  command line/config [3]
__DataFlash_Start {Abs}
                        0x0803e800          Data  Gb  command line/config [3]
__DataFlash_Start__ {Abs}
                        0x0803e800          Data  Gb  command line/config [3]
__Debug_SF              0x08039000     0x2  Data  Gb  settingfile.bin [1]
__ICFEDIT_INTERRUPT_TABLE_start__ {Abs}
                        0x08003000          Data  Gb  command line/config [3]
__ICFEDIT_region_RAM_end__ {Abs}
                        0x20023fff          Data  Gb  command line/config [3]
__ICFEDIT_region_RAM_start__ {Abs}
                        0x20000000          Data  Gb  command line/config [3]
__ICFEDIT_region_ROM_end__ {Abs}
                        0x08038fff          Data  Gb  command line/config [3]
__ICFEDIT_region_ROM_start__ {Abs}
                        0x08003000          Data  Gb  command line/config [3]
__ICFEDIT_size_cstack__ {Abs}
                        0x00000400          Data  Gb  command line/config [3]
__ICFEDIT_size_heap__ {Abs}
                        0x00000004          Data  Gb  command line/config [3]
__ICFEDIT_size_stack_bottom__ {Abs}
                        0x00000010          Data  Gb  command line/config [3]
__ICFEDIT_size_stack_top__ {Abs}
                        0x00000010          Data  Gb  command line/config [3]
__ISB                   0x080148a5          Code  Gb  CortexM0Plus_Macro.obj [2]
__MRS_MSP               0x080148d1          Code  Gb  CortexM0Plus_Macro.obj [2]
__MRS_PSP               0x080148c5          Code  Gb  CortexM0Plus_Macro.obj [2]
__MSR_CONTROL           0x080148bb          Code  Gb  CortexM0Plus_Macro.obj [2]
__MSR_MSP               0x080148d7          Code  Gb  CortexM0Plus_Macro.obj [2]
__MSR_PSP               0x080148cb          Code  Gb  CortexM0Plus_Macro.obj [2]
__RAM_End {Abs}         0x20023fff          Data  Gb  command line/config [3]
__RAM_Size {Abs}        0x00023fff          Data  Gb  command line/config [3]
__RAM_Start {Abs}       0x20000000          Data  Gb  command line/config [3]
__RESETPRIMASK          0x080148dd          Code  Gb  CortexM0Plus_Macro.obj [2]
__REV_HalfWord          0x080148e1          Code  Gb  CortexM0Plus_Macro.obj [2]
__REV_Word              0x080148e5          Code  Gb  CortexM0Plus_Macro.obj [2]
__RunRegisterTest       0x08014915          Code  Gb  CortexM0Plus_Macro.obj [2]
__SEV                   0x080148a1          Code  Gb  CortexM0Plus_Macro.obj [2]
__SVC                   0x080148b7          Code  Gb  CortexM0Plus_Macro.obj [2]
__SetingFile_End {Abs}  0x0803e7ff          Data  Gb  command line/config [3]
__SetingFile_Size {Abs}
                        0x00005800          Data  Gb  command line/config [3]
__SetingFile_Start {Abs}
                        0x08039000          Data  Gb  command line/config [3]
__SettingFile_X_End__ {Abs}
                        0x0803e7ff          Data  Gb  command line/config [3]
__SettingFile_X_Start__ {Abs}
                        0x08039000          Data  Gb  command line/config [3]
__StartupRegisterTest   0x080148e9          Code  Gb  CortexM0Plus_Macro.obj [2]
__WFE                   0x0801489d          Code  Gb  CortexM0Plus_Macro.obj [2]
__WFI                   0x08014899          Code  Gb  CortexM0Plus_Macro.obj [2]
__aeabi_cdcmpeq         0x0802116d          Code  Gb  DblCmpEq.o [5]
__aeabi_cdcmple         0x08021191          Code  Gb  DblCmpLe.o [5]
__aeabi_cdrcmple        0x08027d45          Code  Gb  DblCmpGe.o [5]
__aeabi_cfcmpeq         0x0802c321          Code  Gb  FltCmpEq.o [5]
__aeabi_cfcmple         0x0801b4c5          Code  Gb  FltCmpLe.o [5]
__aeabi_cfrcmple        0x08025555          Code  Gb  FltCmpGe.o [5]
__aeabi_d2iz            0x08017ed1          Code  Gb  DblToI32.o [5]
__aeabi_d2uiz           0x08017ef5          Code  Gb  DblToI32.o [5]
__aeabi_dadd            0x080211c3          Code  Gb  DblAddSub.o [5]
__aeabi_ddiv            0x08021a03          Code  Gb  DblDiv.o [5]
__aeabi_dmul            0x0802187f          Code  Gb  DblMul.o [5]
__aeabi_dsub            0x08021289          Code  Gb  DblAddSub.o [5]
__aeabi_errno_addr      0x0802557d     0xa  Code  Gb  errno.o [4]
__aeabi_f2d             0x08021ac5          Code  Gb  FltToDbl.o [5]
__aeabi_f2iz            0x0801d819          Code  Gb  FltToS32.o [5]
__aeabi_fadd            0x0801b3a5          Code  Gb  FltAddSub.o [5]
__aeabi_fdiv            0x0801b2fb          Code  Gb  FltDiv.o [5]
__aeabi_fmul            0x0801b24b          Code  Gb  FltMul.o [5]
__aeabi_fsub            0x0801b415          Code  Gb  FltAddSub.o [5]
__aeabi_i2d             0x0801794d          Code  Gb  I32ToDbl.o [5]
__aeabi_i2f             0x0801b215          Code  Gb  I32ToFlt.o [5]
__aeabi_idiv            0x08015995          Code  Gb  I32DivModFast.o [7]
__aeabi_idiv0           0x080208f9          Code  Gb  IntDivZer.o [7]
__aeabi_idivmod         0x08015995          Code  Gb  I32DivModFast.o [7]
__aeabi_ldiv0           0x0802a565          Code  Gb  I64DivZer.o [7]
__aeabi_ldivmod         0x080265c7          Code  Gb  I64DivMod.o [7]
__aeabi_lmul            0x08026595          Code  Gb  I64Mul.o [7]
__aeabi_memclr          0x08007aed          Code  Gb  ABImemset.o [7]
__aeabi_memclr4         0x08007af1          Code  Gb  ABImemset.o [7]
__aeabi_memclr8         0x08007af1          Code  Gb  ABImemset.o [7]
__aeabi_memcpy          0x0800af91          Code  Gb  ABImemcpy.o [7]
__aeabi_memcpy4         0x0800afb9          Code  Wk  ABImemcpy.o [7]
__aeabi_memmove         0x080170f9          Code  Gb  ABImemmove.o [7]
__aeabi_memmove4        0x080170f9          Code  Gb  ABImemmove.o [7]
__aeabi_memmove8        0x080170f9          Code  Gb  ABImemmove.o [7]
__aeabi_memset          0x08007a91          Code  Gb  ABImemset.o [7]
__aeabi_memset4         0x08007ab1          Code  Gb  ABImemset.o [7]
__aeabi_memset8         0x08007ab1          Code  Gb  ABImemset.o [7]
__aeabi_ui2d            0x08017961          Code  Gb  I32ToDbl.o [5]
__aeabi_ui2f            0x0801b22d          Code  Gb  I32ToFlt.o [5]
__aeabi_uidiv           0x0801599b          Code  Gb  I32DivModFast.o [7]
__aeabi_uidivmod        0x0801599b          Code  Gb  I32DivModFast.o [7]
__aeabi_uldivmod        0x08026605          Code  Gb  I64DivMod.o [7]
__aeabi_uread4          0x08013881          Code  Gb  uread4.o [7]
__aeabi_uwrite4         0x08016141          Code  Gb  uwrite4.o [7]
__cmain                 0x0801e5f1          Code  Gb  cmain.o [7]
__exit                  0x0802c581    0x14  Code  Gb  exit.o [8]
__iar_Dint              0x0802a969    0x84  Code  Gb  xdint.o [5]
__iar_Errno             0x20000af0     0x4  Data  Gb  errno.o [4]
__iar_FDint             0x0802a121    0x56  Code  Gb  xfdint.o [5]
__iar_FDscale           0x0802cfe5    0x6c  Code  Gb  xfdscale.o [5]
__iar_FExp              0x0802c36d   0x214  Code  Gb  xfexp.o [5]
__iar_FLogpoly          0x0802c341    0x20  Code  Gb  xflog.o [5]
__iar_Memchr            0x0802a9ed    0x18  Code  Gb  memchr.o [7]
__iar_Memset4_word      0x08007abd          Code  Gb  ABImemset.o [7]
__iar_Memset_word       0x08007a9d          Code  Gb  ABImemset.o [7]
__iar_ceil              0x08029711          Code  Gb  ceil.o [5]
__iar_ceill             0x08029711          Code  Gb  ceil.o [5]
__iar_d2uiz             0x08017ef9          Code  Gb  DblToI32.o [5]
__iar_data_init3        0x08014a15    0x28  Code  Gb  data_init.o [7]
__iar_dlib_perthread_access
                        0x0802a179    0x1c  Code  Gb  xtls.o [6]
__iar_floor             0x080296b9          Code  Gb  floor.o [5]
__iar_floorl            0x080296b9          Code  Gb  floor.o [5]
__iar_packbits_init_single3
                        0x08033509    0x3c  Code  Gb  packbits_init_single.o [7]
__iar_program_start     0x08014a3d          Code  Gb  cstartup_M.o [7]
__iar_ui2d              0x08017965          Code  Gb  I32ToDbl.o [5]
__iar_ui2f              0x0801b231          Code  Gb  I32ToFlt.o [5]
__iar_zero_init3        0x080334cd    0x3c  Code  Gb  zero_init3.o [7]
__low_level_init        0x0802629d     0x4  Code  Gb  low_level_init.o [4]
__vector_table          0x08003000    0xbc  Data  Gb  InterruptVector.obj [2]
_call_main              0x0801e5fd          Code  Gb  cmain.o [7]
_exit                   0x0802a475          Code  Gb  cexit.o [7]
_main                   0x0801e607          Code  Gb  cmain.o [7]
abs                     0x0802504f     0x8  Code  Gb  abs.o [4]
ceil                    0x08029711          Code  Gb  ceil.o [5]
ceill                   0x08029711          Code  Gb  ceil.o [5]
enter_internal_EXIT_STATE
                        0x0801cfa3    0x40  Code  Lc  SensedDrainModel.obj [2]
enter_internal_RETRY_STATE
                        0x0801d0bb    0x3a  Code  Lc  SensedDrainModel.obj [2]
exit                    0x080262a1     0x8  Code  Gb  exit.o [4]
floor                   0x080296b9          Code  Gb  floor.o [5]
floorl                  0x080296b9          Code  Gb  floor.o [5]
internal_Pow            0x0802a195   0x2b8  Code  Lc  powf.o [5]
loader                  0x20004020     0x8  Data  Lc  OWIVoltageRegulatedOutputModel.obj [2]
lround                  0x08021121    0x4c  Code  Gb  lround.o [5]
lroundf                 0x0801b4ed    0x3c  Code  Gb  lroundf.o [5]
main                    0x08014a49   0x178  Code  Gb  SRMain.obj [2]
memchr                  0x080296ad     0x8  Code  Gb  RegulationAccept.obj [2]
memcmp                  0x08017925    0x28  Code  Gb  memcmp.o [7]
pcm_bTrgVarSigned       0x20000b07     0x1  Data  Lc  mc_rec.obj [2]
pcm_dwRecEndBuffPtr     0x20000b48     0x4  Data  Gb  mc_rec.obj [2]
pcm_dwRecWritePtr       0x20000b44     0x4  Data  Gb  mc_rec.obj [2]
pcm_nRecBuffAddr        0x20000b50     0x4  Data  Lc  mc_rec.obj [2]
pcm_nRecTriggerMode     0x20000b04     0x1  Data  Gb  mc_rec.obj [2]
pcm_nRecVarCount        0x20000b05     0x1  Data  Gb  mc_rec.obj [2]
pcm_nRxCheckSum         0x2000414c     0x1  Data  Lc  mc_serial.obj [2]
pcm_nRxTodo             0x20004e19     0x1  Data  Lc  mc_serial.obj [2]
pcm_nScopeVarCount      0x20004734     0x1  Data  Lc  mc_scope.obj [2]
pcm_nTrgVarAddr         0x20000b4c     0x4  Data  Lc  mc_rec.obj [2]
pcm_nTrgVarSize         0x20000b06     0x1  Data  Lc  mc_rec.obj [2]
pcm_nTxTodo             0x20004e18     0x1  Data  Lc  mc_serial.obj [2]
pcm_pCommBuffer         0x20004150    0x40  Data  Lc  mc_serial.obj [2]
pcm_pCompareFunc        0x20000b54     0x4  Data  Lc  mc_rec.obj [2]
pcm_pOwnRecBuffer       0x20000b58  0x1770  Data  Lc  mc_rec.obj [2]
pcm_pRecVarAddr         0x20000b24    0x20  Data  Gb  mc_rec.obj [2]
pcm_pRecVarSize         0x20000b08     0x8  Data  Gb  mc_rec.obj [2]
pcm_pRxBuff             0x20004190     0x4  Data  Lc  mc_serial.obj [2]
pcm_pScopeVarAddr       0x20004740    0x20  Data  Lc  mc_scope.obj [2]
pcm_pScopeVarSize       0x20004738     0x8  Data  Lc  mc_scope.obj [2]
pcm_pTxBuff             0x20004e20     0x4  Data  Lc  mc_serial.obj [2]
pcm_uTrgThreshold       0x20000b14     0x4  Data  Lc  mc_rec.obj [2]
pcm_wFlags              0x20004e1c     0x4  Data  Lc  mc_serial.obj [2]
pcm_wRecBuffStartIx     0x20000b22     0x2  Data  Gb  mc_rec.obj [2]
pcm_wRecFlags           0x20000b10     0x4  Data  Gb  mc_rec.obj [2]
pcm_wRecPostTrigger     0x20000b1a     0x2  Data  Gb  mc_rec.obj [2]
pcm_wRecTimeDiv         0x20000b1c     0x2  Data  Gb  mc_rec.obj [2]
pcm_wRecTimeDivCtr      0x20000b1e     0x2  Data  Gb  mc_rec.obj [2]
pcm_wRecTotalSmps       0x20000b18     0x2  Data  Gb  mc_rec.obj [2]
pcm_wStoprecCountDown   0x20000b20     0x2  Data  Gb  mc_rec.obj [2]
powf                    0x0802a469     0xa  Code  Gb  powf.o [5]
reset_stat_data         0x0801ea7d     0xc  Code  Lc  SRClockMonitor.obj [2]
reset_stat_data         0x0801e89f    0x10  Code  Lc  SRIsrMonitor.obj [2]
round                   0x08027cfd    0x48  Code  Gb  round.o [5]
roundf                  0x08025519    0x3c  Code  Gb  roundf.o [5]
rt_roundd               0x08024a55    0x5e  Code  Gb  OWICalibrationModel.obj [2]
srexceptionforcereset   0x080156d9    0x16  Code  Lc  SRException.obj [2]


[1] = C:\Data\Nucleus_Dev\Vostok_ACU_A\config\tmp
[2] = C:\Data\Nucleus_Dev\Vostok_ACU_A\obj
[3] = command line
[4] = dl6M_tln.a
[5] = m6M_tl.a
[6] = os6m_tl__dp.a
[7] = rt6M_tl.a
[8] = shb_l.a

  195 868 bytes of readonly  code memory
      352 bytes of readwrite code memory
    2 958 bytes of readonly  data memory
   24 009 bytes of readwrite data memory

Errors: none
Warnings: none
