###############################################################################
#
# IAR ANSI C/C++ Compiler V7.70.1.11437/W32 for ARM       28/Feb/2025  14:17:43
# Copyright 1999-2016 IAR Systems AB.
#
#    Cpu mode     =  thumb
#    Endian       =  little
#    Source file  =  
#        source/XCategory/Hbl/all/LLIHandler/SRTriacFeedbackLLI/SRTriacFeedbackLLI.c
#    Command line =  
#        --cpu Cortex-M0+ -Om --debug -e --only_stdout --silent -D
#        ENABLE_JUMP_TO_APPLICATION_WITHOUT_IAP_FIRMWARE --no_wrap_diagnostics
#        -f config\tmp\include_path.lnt
#        (-I../Nucleus-Tools-SDK/embOS/arm/v4.26/source\
#        -I../Nucleus-Tools-SDK/iar/arm/v7.70/cx/inc\
#        -Isource/Category/Application/acu/CycleResume\
#        -Isource/Category/Application/acu/Monitors/AutostartFactoryCycleMonitor\
#        -Isource/Category/Application/acu/Monitors/CartridgeDetectionMonitor\
#        -Isource/Category/Application/acu/Monitors/DCLoadCurrentMonitor\
#        -Isource/Category/Application/acu/Monitors/DiverterFaultMonitor\
#        -Isource/Category/Application/acu/Monitors/DiverterLeakFaultMonitor\
#        -Isource/Category/Application/acu/Monitors/DoorMonitor\
#        -Isource/Category/Application/acu/Monitors/DoorOpeningSystemMonitor\
#        -Isource/Category/Application/acu/Monitors/FanMotorFaultMonitor\
#        -Isource/Category/Application/acu/Monitors/FaultStatusMonitor\
#        -Isource/Category/Application/acu/Monitors/FillValveStuckOn\
#        -Isource/Category/Application/acu/Monitors/FlowMeterFaultMonitor\
#        -Isource/Category/Application/acu/Monitors/HeatMonitor\
#        -Isource/Category/Application/acu/Monitors/HotHighPotMonitor\
#        -Isource/Category/Application/acu/Monitors/LITTFaultMonitor\
#        -Isource/Category/Application/acu/Monitors/LITTMonitor\
#        -Isource/Category/Application/acu/Monitors/McuGetDataMonitor\
#        -Isource/Category/Application/acu/Monitors/ModelMonitors/AirlockDetectionMonitor\
#        -Isource/Category/Application/acu/Monitors/ModelMonitors/AirlockDetectionMonitor/CodeGeneration\
#        -Isource/Category/Application/acu/Monitors/ModelMonitors/HeaterCalcificationDetectionModel\
#        -Isource/Category/Application/acu/Monitors/ModelMonitors/HeaterCalcificationDetectionModel/CodeGeneration\
#        -Isource/Category/Application/acu/Monitors/ModelMonitors/OWIVoltageRegulatedOutputModel\
#        -Isource/Category/Application/acu/Monitors/ModelMonitors/OWIVoltageRegulatedOutputModel/CodeGeneration\
#        -Isource/Category/Application/acu/Monitors/ModelMonitors/PluggingDetectionMonitor\
#        -Isource/Category/Application/acu/Monitors/ModelMonitors/PluggingDetectionMonitor/CodeGeneration\
#        -Isource/Category/Application/acu/Monitors/MoisturePreventionMonitor\
#        -Isource/Category/Application/acu/Monitors/OverfillMonitor\
#        -Isource/Category/Application/acu/Monitors/OWIMonitor\
#        -Isource/Category/Application/acu/Monitors/PilotRelayFaultMonitor\
#        -Isource/Category/Application/acu/Monitors/PilotRelayFaultMonitor/PilotRelayStuckClosedMonitor\
#        -Isource/Category/Application/acu/Monitors/PilotRelayFaultMonitor/PilotRelayStuckOpenMonitor\
#        -Isource/Category/Application/acu/Monitors/PORTimeMonitor\
#        -Isource/Category/Application/acu/Monitors/PumpFlushRequestMonitor\
#        -Isource/Category/Application/acu/Monitors/RinseAidMonitor\
#        -Isource/Category/Application/acu/Monitors/SaltSensingMonitor\
#        -Isource/Category/Application/acu/Monitors/StabilityControlLoopMonitor\
#        -Isource/Category/Application/acu/Monitors/StandbyManager\
#        -Isource/Category/Application/acu/Monitors/SupervisorExtMonitor\
#        -Isource/Category/Application/acu/Monitors/ThermistorFaultMonitor\
#        -Isource/Category/Application/acu/Monitors/ThermistorFaultMonitor/ThermistorOpenMonitor\
#        -Isource/Category/Application/acu/Monitors/ThermistorFaultMonitor/ThermistorShortedMonitor\
#        -Isource/Category/Application/acu/Monitors/TriacCurrentMonitor\
#        -Isource/Category/Application/acu/Monitors/TriacShortedDrainFaultMonitor\
#        -Isource/Category/Application/acu/Monitors/TriacVoltageMonitor\
#        -Isource/Category/Application/acu/Monitors/VoltageRangeMonitor\
#        -Isource/Category/Application/acu/Monitors/VSDrainMotorFaultMonitor\
#        -Isource/Category/Application/acu/Monitors/VwiMonitor\
#        -Isource/Category/Application/acu/Monitors/VwiZoneCompensationMonitor\
#        -Isource/Category/Application/acu/Monitors/WashHeaterFaultMonitor\
#        -Isource/Category/Application/acu/Monitors/WashHeaterFaultMonitor/HeaterLeakageToNeutralMonitor\
#        -Isource/Category/Application/acu/Monitors/WashHeaterFaultMonitor/HeaterLineRelayOpenMonitor\
#        -Isource/Category/Application/acu/Monitors/WashHeaterFaultMonitor/HeaterNeutralRelayOpenMonitor\
#        -Isource/Category/Application/acu/Monitors/WashHeaterFaultMonitor/HeaterOpenAndLineRelayClosedMonitor\
#        -Isource/Category/Application/acu/Monitors/WashHeaterFaultMonitor/HeaterOpenMonitor\
#        -Isource/Category/Application/acu/Monitors/WashMotorFaultMonitor\
#        -Isource/Category/Application/acu/Monitors/ZeroCrossMonitor\
#        -Isource/Category/Application/acu/Processes/AlternateCtrl\
#        -Isource/Category/Application/acu/Processes/Fill\
#        -Isource/Category/Application/acu/Processes/Fill/ClassAFill\
#        -Isource/Category/Application/acu/Processes/Fill/Fill\
#        -Isource/Category/Application/acu/Processes/Fill/TankDrain\
#        -Isource/Category/Application/acu/Processes/Fill/TankFill\
#        -Isource/Category/Application/acu/Processes/Heat\
#        -Isource/Category/Application/acu/Processes/ModelProcesses/OWICalibrationModel\
#        -Isource/Category/Application/acu/Processes/ModelProcesses/OWICalibrationModel/CodeGeneration\
#        -Isource/Category/Application/acu/Processes/ModelProcesses/PartialDrainModel\
#        -Isource/Category/Application/acu/Processes/ModelProcesses/PartialDrainModel/CodeGeneration\
#        -Isource/Category/Application/acu/Processes/ModelProcesses/SensedDrainModel\
#        -Isource/Category/Application/acu/Processes/ModelProcesses/SensedDrainModel/CodeGeneration\
#        -Isource/Category/Application/acu/Processes/OWI\
#        -Isource/Category/Application/acu/Processes/OWI_VRO\
#        -Isource/Category/Application/acu/Processes/OWIOneShot\
#        -Isource/Category/Application/acu/Processes/PumpControl\
#        -Isource/Category/Application/acu/Processes/Regenerate\
#        -Isource/Category/Application/acu/Processes/RinseAidDispense\
#        -Isource/Category/Application/acu/Processes/RinseAidDispense/RinseAid\
#        -Isource/Category/Application/acu/Processes/RinseAidDispense/TridgeDetergent\
#        -Isource/Category/Application/acu/Tasks/DoorOpeningSystemPull\
#        -Isource/Category/Application/acu/Tasks/DoorOpeningSystemPush\
#        -Isource/Category/Application/acu/Tasks/HeaterShadowing\
#        -Isource/Category/Application/acu/Tasks/MoisturePrevention\
#        -Isource/Category/Application/acu/Tasks/OWIContinousReading\
#        -Isource/Category/Application/acu/Tasks/OwiVroContinuousReading\
#        -Isource/Category/Application/acu/Tasks/Sanitization\
#        -Isource/Category/Application/acu/Tasks/StabilityControl\
#        -Isource/Category/Application/acu/Tasks/TimeElapse\
#        -Isource/Category/Application/acu/VWI\
#        -Isource/Category/Application/all/ActivePower\
#        -Isource/Category/Application/all/API007App\
#        -Isource/Category/Application/all/Config\
#        -Isource/Category/Common/acu/CommonDish/DishAuxVar\
#        -Isource/Category/Common/acu/CommonDish/PumpCommand\
#        -Isource/Category/Common/acu/CommonDish/StatisticsDish\
#        -Isource/Category/Common/all/BoardDebugging\
#        -Isource/Category/Common/all/Config\
#        -Isource/Category/Common/all/MasterCommander\
#        -Isource/Category/Common/all/MasterCommander/Source\
#        -Isource/Category/Common/all/MasterCommander/Source/HAL\
#        -Isource/Category/Common/all/SharedUtils\
#        -Isource/Category/Hbl/acu/ACULoadHandler/AlternateLoad\
#        -Isource/Category/Hbl/acuexpacu/ACUGIHandler/WaterCounterGI\
#        -Isource/Category/Hbl/acuexpacu/ACULoadHandler/HeaterLoad\
#        -Isource/Category/Hbl/acuexpacu/ACULoadHandler/TriacMci\
#        -Isource/Category/Hbl/all/Config\ -Isource/Category/Hbl/all/Mci\
#        -Isource/Category/Hbl/all/Mci/MciZeroCross\
#        -Isource/Category/Hbl/all/Mci/Slfac\
#        -Isource/Category/Hbl/all/Mci/Slfac/Macroblocks\
#        -Isource/Category/Hbl/all/Mci/Slfac/Microblocks/GlitchFilter\
#        -Isource/Category/Hbl/all/Mci/Slfac/Microblocks/IIRFilter\
#        -Isource/Category/Hbl/all/Mci/Slfac/Microblocks/MathCalc\
#        -Isource/Category/Hbl/all/Mci/Slfac/Microblocks/PeakDetector\
#        -Isource/Category/Hbl/all/Mci/Slfac/Microblocks/Pi\
#        -Isource/Category/Hbl/all/MCUDrivers/TimeCapture\
#        -Isource/Category/Hbl/all/MCUDrivers/TimerInterruptExt\
#        -Isource/Micros/STM32G0x/Driver/Atod\
#        -Isource/Micros/STM32G0x/Driver/DataFlash\
#        -Isource/Micros/STM32G0x/Driver/Dma\
#        -Isource/Micros/STM32G0x/Driver/Dtoa\
#        -Isource/Micros/STM32G0x/Driver/ExtInterrupt\
#        -Isource/Micros/STM32G0x/Driver/Flash\
#        -Isource/Micros/STM32G0x/Driver/Gpio\
#        -Isource/Micros/STM32G0x/Driver/I2c\
#        -Isource/Micros/STM32G0x/Driver/IntMgr\
#        -Isource/Micros/STM32G0x/Driver/Micro\
#        -Isource/Micros/STM32G0x/Driver/MicroExt\
#        -Isource/Micros/STM32G0x/Driver/Rtc\
#        -Isource/Micros/STM32G0x/Driver/RTCDriver\
#        -Isource/Micros/STM32G0x/Driver/Spi\
#        -Isource/Micros/STM32G0x/Driver/Timeout\
#        -Isource/Micros/STM32G0x/Driver/Timer\
#        -Isource/Micros/STM32G0x/Driver/TimerInterrupt\
#        -Isource/Micros/STM32G0x/Driver/Uart\
#        -Isource/ProjectSpecific/Application/acu/Config\
#        -Isource/ProjectSpecific/Application/acu/LowPower\
#        -Isource/ProjectSpecific/Application/acuexpacu/Config\
#        -Isource/ProjectSpecific/Application/all/Config\
#        -Isource/ProjectSpecific/Application/all/MCUDebug\
#        -Isource/ProjectSpecific/Application/all/ProductInfo\
#        -Isource/ProjectSpecific/Common/acu/Config\
#        -Isource/ProjectSpecific/Common/all/Config\
#        -Isource/ProjectSpecific/Common/all/Debug\
#        -Isource/ProjectSpecific/Common/all/SRConfig\
#        -Isource/ProjectSpecific/Driver/STM32G0x\
#        -Isource/ProjectSpecific/Hbl/acuexpacu/Config\
#        -Isource/ProjectSpecific/Hbl/acuexpacu/SRConfig\
#        -Isource/ProjectSpecific/Hbl/all/Config\
#        -Isource/ProjectSpecific/Hbl/all/Config/Mci\
#        -Isource/ProjectSpecific/Hbl/all/Config/Mci/MasterCommander\
#        -Isource/ProjectSpecific/Hbl/all/Config/Mci/MCUDrivers\
#        -Isource/ProjectSpecific/Hbl/all/SRConfig\
#        -Isource/XCategory/Application/acu/API221MotionCtrl\
#        -Isource/XCategory/Application/acu/Calibration\
#        -Isource/XCategory/Application/acu/Condition\
#        -Isource/XCategory/Application/acu/Estimator\
#        -Isource/XCategory/Application/acu/Interpreter\
#        -Isource/XCategory/Application/acu/Processes/ActivateTask\
#        -Isource/XCategory/Application/acu/Processes/JumpIf\
#        -Isource/XCategory/Application/acu/Processes/LoadsControl\
#        -Isource/XCategory/Application/acu/Processes/Maintain\
#        -Isource/XCategory/Application/acu/Processes/SetVariable\
#        -Isource/XCategory/Application/acu/RegulationAccept\
#        -Isource/XCategory/Application/acu/Selector\
#        -Isource/XCategory/Application/acu/SubCycle\
#        -Isource/XCategory/Application/acu/Supervisor\
#        -Isource/XCategory/Application/acu/TestMgr\
#        -Isource/XCategory/Application/acuexpacu/ApplianceMgr\
#        -Isource/XCategory/Application/acuhmi/CommunicationMonitor\
#        -Isource/XCategory/Application/acuhmi/Modifier\
#        -Isource/XCategory/Application/acuhmi/Regulations\
#        -Isource/XCategory/Application/acuhmi/Status\
#        -Isource/XCategory/Application/all/API007Data\
#        -Isource/XCategory/Application/all/API011AppCtr\
#        -Isource/XCategory/Application/all/API012Exp\
#        -Isource/XCategory/Application/all/API013RemoteFunction\
#        -Isource/XCategory/Application/all/API018Diagnostic\
#        -Isource/XCategory/Application/all/API220MotorControl\
#        -Isource/XCategory/Application/all/API220MotorControl/Api\
#        -Isource/XCategory/Application/all/Mode\
#        -Isource/XCategory/Application/all/Reveal_Basic/API003Disc\
#        -Isource/XCategory/Application/all/Reveal_Basic/API004Debug\
#        -Isource/XCategory/Application/all/Reveal_Basic/API004Debug/SW05SoftwareTest\
#        -Isource/XCategory/Application/all/Reveal_Basic/API005LowLevel\
#        -Isource/XCategory/Application/all/Reveal_Basic/API009System\
#        -Isource/XCategory/Application/all/Reveal_Basic/API010PollVar\
#        -Isource/XCategory/Application/all/Reveal_Basic/API019ProductInfo\
#        -Isource/XCategory/Application/all/SFUpdater\
#        -Isource/XCategory/Application/all/SRAPI020Safety\
#        -Isource/XCategory/Application/all/StatusLed\
#        -Isource/XCategory/Common/acu/BrownOut\
#        -Isource/XCategory/Common/acu/Fault\
#        -Isource/XCategory/Common/acu/Statistics\
#        -Isource/XCategory/Common/all/Common/Callback\
#        -Isource/XCategory/Common/all/Common/Convert\
#        -Isource/XCategory/Common/all/Common/Crc16\
#        -Isource/XCategory/Common/all/Common/Crc32\
#        -Isource/XCategory/Common/all/Common/Crc8\
#        -Isource/XCategory/Common/all/Common/Equation\
#        -Isource/XCategory/Common/all/Common/Filter\
#        -Isource/XCategory/Common/all/Common/FITMgr\
#        -Isource/XCategory/Common/all/Common/I2cMgr\
#        -Isource/XCategory/Common/all/Common/IAPEmul\
#        -Isource/XCategory/Common/all/Common/Log\
#        -Isource/XCategory/Common/all/Common/Millis\
#        -Isource/XCategory/Common/all/Common/SeggerRTT\
#        -Isource/XCategory/Common/all/Common/SeggerRTT/SEGGER_RTT/Config\
#        -Isource/XCategory/Common/all/Common/SeggerRTT/SEGGER_RTT/RTT\
#        -Isource/XCategory/Common/all/Common/SettingFile\
#        -Isource/XCategory/Common/all/Common/SFVersionCheck\
#        -Isource/XCategory/Common/all/Common/SystemConfig\
#        -Isource/XCategory/Common/all/Common/SystemTimers\
#        -Isource/XCategory/Common/all/Common/Utilities\
#        -Isource/XCategory/Common/all/Common/Variable\
#        -Isource/XCategory/Common/all/SRCommon/SRClockMonitor\
#        -Isource/XCategory/Common/all/SRCommon/SRData\
#        -Isource/XCategory/Common/all/SRCommon/SRException\
#        -Isource/XCategory/Common/all/SRCommon/SRIsrMonitor\
#        -Isource/XCategory/Common/all/SRCommon/SRPowerMgr\
#        -Isource/XCategory/Common/all/SRCommon/SRSignature\
#        -Isource/XCategory/Common/all/SRCommon/SRSystemConfig\
#        -Isource/XCategory/Common/all/SRCommon/SRTaskMonitor\
#        -Isource/XCategory/Common/all/SRCommon/SRTaskSequence\
#        -Isource/XCategory/Common/all/SRCommon/SRTimerReference\
#        -Isource/XCategory/Common/all/SRCommon/SRUnusedPinsConfig\
#        -Isource/XCategory/Common/all/SRMain\
#        -Isource/XCategory/Common/all/SRMain/BackgroundThreads\
#        -Isource/XCategory/Common/all/SRMain/OsServices\
#        -Isource/XCategory/Common/all/SRMain/StackAnalysis\
#        -Isource/XCategory/Common/all/SRMain/TimingAnalysis\
#        -Isource/XCategory/Driver/APIs/Atod\
#        -Isource/XCategory/Driver/APIs/Comparator\
#        -Isource/XCategory/Driver/APIs/DataFlash\
#        -Isource/XCategory/Driver/APIs/Dma\
#        -Isource/XCategory/Driver/APIs/Dtc\
#        -Isource/XCategory/Driver/APIs/Dtoa\
#        -Isource/XCategory/Driver/APIs/EmbOS\
#        -Isource/XCategory/Driver/APIs/ExtInterrupt\
#        -Isource/XCategory/Driver/APIs/Flash\
#        -Isource/XCategory/Driver/APIs/Gpio\
#        -Isource/XCategory/Driver/APIs/I2c\
#        -Isource/XCategory/Driver/APIs/IntMgr\
#        -Isource/XCategory/Driver/APIs/Micro\
#        -Isource/XCategory/Driver/APIs/MicroExt\
#        -Isource/XCategory/Driver/APIs/Rtc\
#        -Isource/XCategory/Driver/APIs/RTCDriver\
#        -Isource/XCategory/Driver/APIs/Spi\
#        -Isource/XCategory/Driver/APIs/Timeout\
#        -Isource/XCategory/Driver/APIs/Timer\
#        -Isource/XCategory/Driver/APIs/TimerInterrupt\
#        -Isource/XCategory/Driver/APIs/Touch\
#        -Isource/XCategory/Driver/APIs/Uart\
#        -Isource/XCategory/Hbl/acu/FdmCounter\
#        -Isource/XCategory/Hbl/acu/FdmTimer\
#        -Isource/XCategory/Hbl/acuexpacu/ACUGIHandler/ConvertGI\
#        -Isource/XCategory/Hbl/acuexpacu/ACUGIHandler/DirectGI\
#        -Isource/XCategory/Hbl/acuexpacu/ACUGIHandler/DoorSwitchGI\
#        -Isource/XCategory/Hbl/acuexpacu/ACUGIHandler/ProbeGI\
#        -Isource/XCategory/Hbl/acuexpacu/ACUGIHandler/ProbeLpsGI\
#        -Isource/XCategory/Hbl/acuexpacu/ACULoadHandler/DCFanLoad\
#        -Isource/XCategory/Hbl/acuexpacu/ACUPilotHandler/AnalogOutputPilot\
#        -Isource/XCategory/Hbl/acuexpacu/ACUPilotHandler/ChargePumpPilot\
#        -Isource/XCategory/Hbl/acuexpacu/ACUPilotHandler/DigitalOutputMultiPilot\
#        -Isource/XCategory/Hbl/acuexpacu/ACUPilotHandler/DigitalOutputPilot\
#        -Isource/XCategory/Hbl/acuexpacu/ACUPilotHandler/DoorLockEMPilot\
#        -Isource/XCategory/Hbl/acuexpacu/ACUPilotHandler/DoorLockWaxPilot\
#        -Isource/XCategory/Hbl/acuexpacu/ACUPilotHandler/ExpansionPilot\
#        -Isource/XCategory/Hbl/acuexpacu/ACUPilotHandler/ExternalMotorPilot\
#        -Isource/XCategory/Hbl/acuexpacu/ACUPilotHandler/FSMPilot\
#        -Isource/XCategory/Hbl/acuexpacu/ACUPilotHandler/MagnetronPilot\
#        -Isource/XCategory/Hbl/acuexpacu/ACUPilotHandler/MotorPilot\
#        -Isource/XCategory/Hbl/acuexpacu/ACUPilotHandler/MultiDriverPilot\
#        -Isource/XCategory/Hbl/acuexpacu/ACUPilotHandler/MultiSequencePilot\
#        -Isource/XCategory/Hbl/acuexpacu/ACUPilotHandler/NonfunctionalPilot\
#        -Isource/XCategory/Hbl/acuexpacu/ACUPilotHandler/PwmHiResPilot\
#        -Isource/XCategory/Hbl/acuexpacu/ACUPilotHandler/PwmPilot\
#        -Isource/XCategory/Hbl/acuexpacu/ACUPilotHandler/SRChargePumpPilot\
#        -Isource/XCategory/Hbl/acuexpacu/ACUPilotHandler/SRDigitalOutputMultiPilot\
#        -Isource/XCategory/Hbl/acuexpacu/ACUPilotHandler/SRDigitalOutputPilot\
#        -Isource/XCategory/Hbl/acuexpacu/ACUPilotHandler/SRDoorLockEMPilot\
#        -Isource/XCategory/Hbl/acuexpacu/ACUPilotHandler/SRDoorLockWaxPilot\
#        -Isource/XCategory/Hbl/acuexpacu/ACUPilotHandler/SRUMRelayPilot\
#        -Isource/XCategory/Hbl/acuexpacu/ACUPilotHandler/SteadyPwmProfilePilot\
#        -Isource/XCategory/Hbl/acuexpacu/ACUPilotHandler/StepperPilot\
#        -Isource/XCategory/Hbl/acuexpacu/ACUPilotHandler/TriacSwitchPilot\
#        -Isource/XCategory/Hbl/acuexpacu/ACUPilotHandler/ZCRelayPilot\
#        -Isource/XCategory/Hbl/acuexpacu/ACUPilotHandler/ZCTriacPilot\
#        -Isource/XCategory/Hbl/acuexpacu/HblAcu\
#        -Isource/XCategory/Hbl/acuexpacu/HblAcu/CrossLoads\
#        -Isource/XCategory/Hbl/acuexpacu/HblAcu/SetLoadQueue\
#        -Isource/XCategory/Hbl/acuexpacu/HblAcu/SRProductMgr\
#        -Isource/XCategory/Hbl/acuexpacu/HblAcu/ZeroCross\
#        -Isource/XCategory/Hbl/all/Hbl\
#        -Isource/XCategory/Hbl/all/Hbl/DefaultPin\
#        -Isource/XCategory/Hbl/all/Hbl/HblCommon\
#        -Isource/XCategory/Hbl/all/Hbl/VirtualPin\
#        -Isource/XCategory/Hbl/all/LLIHandler/AbsoluteHumidityLLI\
#        -Isource/XCategory/Hbl/all/LLIHandler/AccelerometerLLI\
#        -Isource/XCategory/Hbl/all/LLIHandler/AccelerometerLLI/AccelBaseline\
#        -Isource/XCategory/Hbl/all/LLIHandler/AccelerometerLLI/AccelDiscover\
#        -Isource/XCategory/Hbl/all/LLIHandler/AccelerometerLLI/FXLS8974\
#        -Isource/XCategory/Hbl/all/LLIHandler/AccelerometerLLI/FXLS8974/SelfTestFXLS8974\
#        -Isource/XCategory/Hbl/all/LLIHandler/AccelerometerLLI/LISxDH\
#        -Isource/XCategory/Hbl/all/LLIHandler/AnalogLLI\
#        -Isource/XCategory/Hbl/all/LLIHandler/ConductivityLLI\
#        -Isource/XCategory/Hbl/all/LLIHandler/DigitalLLI\
#        -Isource/XCategory/Hbl/all/LLIHandler/EncoderLLI\
#        -Isource/XCategory/Hbl/all/LLIHandler/ExpansionLLI\
#        -Isource/XCategory/Hbl/all/LLIHandler/FeedbackLLI\
#        -Isource/XCategory/Hbl/all/LLIHandler/I2CInfraredLLI\
#        -Isource/XCategory/Hbl/all/LLIHandler/I2CPressureSensorLLI\
#        -Isource/XCategory/Hbl/all/LLIHandler/I2CRHTSensorLLI\
#        -Isource/XCategory/Hbl/all/LLIHandler/InputCaptureLLI\
#        -Isource/XCategory/Hbl/all/LLIHandler/MultiInputLLI\
#        -Isource/XCategory/Hbl/all/LLIHandler/NonfunctionalLLI\
#        -Isource/XCategory/Hbl/all/LLIHandler/PulseCounterLLI\
#        -Isource/XCategory/Hbl/all/LLIHandler/SRAnalogLLI\
#        -Isource/XCategory/Hbl/all/LLIHandler/SRDigitalLLI\
#        -Isource/XCategory/Hbl/all/LLIHandler/SRFeedbackLLI\
#        -Isource/XCategory/Hbl/all/LLIHandler/SRI2CPressureSensorLLI\
#        -Isource/XCategory/Hbl/all/LLIHandler/SRICTachometerLLI\
#        -Isource/XCategory/Hbl/all/LLIHandler/SRInputCaptureLLI\
#        -Isource/XCategory/Hbl/all/LLIHandler/SRTouchKeyLLI\
#        -Isource/XCategory/Hbl/all/LLIHandler/SRTriacFeedbackLLI\
#        -Isource/XCategory/Hbl/all/LLIHandler/TouchKeyLLI\
#        -Isource/XCategory/Hbl/all/LLIHandler/TouchSliderLLI\
#        -Isource/XCategory/Hbl/all/LLIHandler/TouchWheelLLI\
#        -Isource/XCategory/Hbl/all/LLIHandler/TriacFeedbackLLI\
#        -Isource/XCategory/Hbl/all/LLIHandler/VirtualDigitalLLI\
#        -Isource/XCategory/Service/all/NVData\
#        -Isource/XCategory/Service/all/Reveal\
#        -Isource/XCategory/Service/all/Win\) -l
#        listings\SRTriacFeedbackLLI.lst -o obj\SRTriacFeedbackLLI.obj
#        source/XCategory/Hbl/all/LLIHandler/SRTriacFeedbackLLI/SRTriacFeedbackLLI.c
#    Locale       =  English_United States.1252
#    List file    =  listings\SRTriacFeedbackLLI.lst
#    Object file  =  obj\SRTriacFeedbackLLI.obj
#
###############################################################################

C:\Data\Nucleus_Dev\Vostok_ACU_A\source\XCategory\Hbl\all\LLIHandler\SRTriacFeedbackLLI\SRTriacFeedbackLLI.c
      1          /**
      2           *  @file       SRTriacFeedbackLLI.c
      3           *
      4           *  @brief      Module for SRTriacFeedbackLLI reading - detects a Nominal/Double grid frequency or a Digital level
      5           *
      6           *  @details    This module track an input and decode it as level (Low or High) or frequency (grid frequency or its double).
      7           *
      8           *              In order to detect a frequency two event must be measured without additional spurious event.
      9           *              After this, the module is capable of rejecting an arbitrary number of spurious event.
     10           *
     11           *              The read of the level at the end of this time window is performed via a simple read.
     12           *
     13           *              Macros available to configure the module:
     14           *
     15           *               TRIACFEEDBACKLLI_ALLOWED_MIN_FREQUENCY:
     16           *                  (Default 45) Minimum mains frequency allowed
     17           *
     18           *               TRIACFEEDBACKLLI_ALLOWED_MAX_FREQUENCY:
     19           *                  (Default 65) Maximum mains frequency allowed
     20           *
     21           *
     22           *	@defgroup	CLASS_B
     23           *
     24           *  @copyright  Copyright 2019 Whirlpool Corporation. All rights reserved - CONFIDENTIAL
     25           */
     26          //---------------------------------------------------------------------------------------------------------------------
     27          //---------------------------------------------------------------------------------------------------------------------
     28          
     29          
     30          //-------------------------------------- Include Files ----------------------------------------------------------------
     31          #include "SRTriacFeedbackLLI.h"
     32          
     33          #if (HBL_LLI_NUM_SRTRIACFEEDBACK > 0)
     34          #include "Gpio.h"
     35          #include "Micro.h"
     36          #include "SRData.h"
     37          #if (SYSTEM_ENABLE_TASKSEQUENCE == ENABLED)
     38              #include "SRTaskSequence.h"
     39          #endif
     40          #include "VirtualPin.h"
     41          
     42          //-------------------------------------- PUBLIC (Variables) -----------------------------------------------------------
     43          
     44          //-------------------------------------- PRIVATE (Variables, Constants & Defines) -------------------------------------
     45          #define DEFAULT_NUM_SAMPLES                 16
     46          #define MIN_NUM_SAMPLES                     8
     47          #define SAMPLES_NOISE_THRESHOLD             2
     48          
     49          // Minimum frequency allowed
     50          #ifndef SRTRIACFEEDBACKLLI_ALLOWED_MIN_FREQUENCY
     51              #define SRTRIACFEEDBACKLLI_ALLOWED_MIN_FREQUENCY   45
     52          #endif
     53          
     54          // Maximum frequency allowed
     55          #ifndef SRTRIACFEEDBACKLLI_ALLOWED_MAX_FREQUENCY
     56              #define SRTRIACFEEDBACKLLI_ALLOWED_MAX_FREQUENCY   65
     57          #endif
     58          
     59          #define TIME_MSEC_IN_ONE_SEC                (1000)
     60          
     61          #define MINIMUM_DURATION_ALLOWED            (TIME_MSEC_IN_ONE_SEC / SRTRIACFEEDBACKLLI_ALLOWED_MAX_FREQUENCY)
     62          #define MAXIMUM_DURATION_ALLOWED            ((TIME_MSEC_IN_ONE_SEC / SRTRIACFEEDBACKLLI_ALLOWED_MIN_FREQUENCY) + 1)
     63          
     64          #define MINIMUM_HALF_DURATION_ALLOWED       ((TIME_MSEC_IN_ONE_SEC / (2 * SRTRIACFEEDBACKLLI_ALLOWED_MAX_FREQUENCY)))
     65          #define MAXIMUM_HALF_DURATION_ALLOWED       ((TIME_MSEC_IN_ONE_SEC / (2 * SRTRIACFEEDBACKLLI_ALLOWED_MIN_FREQUENCY)) + 1)
     66          
     67          #define LAST_FREQUENCY_EVENT_TIMEOUT        ((3 * TIME_MSEC_IN_ONE_SEC) / (2 * SRTRIACFEEDBACKLLI_ALLOWED_MIN_FREQUENCY))
     68          
     69          typedef struct
     70          {
     71              uint8 N_Read:3;
     72              uint8 Unused_0:5;
     73              uint8 Unused_1:5;
     74              uint8 Pull_Up:1;
     75              uint8 Unused_2:1;
     76              uint8 Inverted:1;
     77          } SRTRIACFEEDBACKLLI_PARAM_TYPE;
     78          
     79          typedef struct
     80          {
     81              // Buffer of Gpio samples collected
     82              uint16 Pin_Buffer;
     83              // Sampling Sequence counter - updated on each 1ms sample
     84              uint8 Sampling_Counter;
     85              // last Sampling Sequence counter reference of the last Asynch iteration
     86              uint8 Async_Sampling_Reference;
     87              // Frequency detection in progress
     88              BOOL_TYPE Is_Detecting_Frequency;
     89              // Double frequency detection in progress
     90              BOOL_TYPE Is_Detecting_Double_Frequency;
     91              // Sampling Sequence counter reference of the last frequency event detected
     92              uint8 Last_Frequency_Event_Reference;
     93              // Time (in ms) between last two frequency events detected
     94              uint8 Time_Between_Frequency_Events;
     95              // Counter of High / Low pin level event detected: it increments on a new High value event, decrements on a new Low value event
     96              sint8 Level_Counter;
     97              // Counter of valid Frequency event detected: it increments when valid Frequency events have been detected
     98              uint8 Frequency_Counter;
     99              // Counter of Double Frequency event detected: it increments if a valid double frequency event happened
    100              uint8 Double_Frequency_Counter;
    101              // Current Feedback LLI value (0, 1, 2, 3)
    102              SRTRIAC_FEEDBACK_LLI_OUTPUT_TYPE Value;
    103          } SRTRIACFEEDBACKLLI_DATA_TYPE;
    104          
    105          static SRTRIACFEEDBACKLLI_DATA_TYPE SRTriacFeedbackLLI_Data[HBL_LLI_NUM_SRTRIACFEEDBACK];
    106          static uint8 SRTriacFeedbackLLI_Allocation;
    107          static SRTRIACFEEDBACKLLI_DATA_TYPE N_SRTriacFeedbackLLI_Data[HBL_LLI_NUM_SRTRIACFEEDBACK];
    108          static uint8 N_SRTriacFeedbackLLI_Allocation;
    109          
    110          //-------------------------------------- PRIVATE (Function Prototypes) ------------------------------------------------
    111          static void UpdateLastFrequencyTimingEvents(SRTRIACFEEDBACKLLI_DATA_TYPE *data_ptr, SRTRIACFEEDBACKLLI_DATA_TYPE *n_data_ptr, uint8 new_frequency_reference);
    112          
    113          //=====================================================================================================================
    114          //-------------------------------------- Public Functions -------------------------------------------------------------
    115          //=====================================================================================================================
    116          
    117          
    118          //---------------------------------------------------------------------------------------------------------------------
    119          /**
    120           * @brief      It Initializes the module SRTriacFeedbackLLI and its variables
    121           */
    122          void SRTriacFeedbackLLI__Initialize(void)
    123          {
    124              SRData__UpdateByte(&SRTriacFeedbackLLI_Allocation, &N_SRTriacFeedbackLLI_Allocation, 0);
    125              SRData__Fill(SRTriacFeedbackLLI_Data, N_SRTriacFeedbackLLI_Data, 0, sizeof(SRTriacFeedbackLLI_Data));
    126          
    127              #if (SYSTEM_ENABLE_TASKSEQUENCE == ENABLED)
    128                  SRTaskSequence__SetSequenceStep(SRTASKSEQUENCE_APPL_SAFETY_INIT, SRTASKSEQUENCE_APPL_INIT_SRTRIACFEEDBACK_LLI);
    129              #endif
    130          }
    131          
    132          
    133          //---------------------------------------------------------------------------------------------------------------------
    134          /**
    135           * @brief   Checks if there is free space and reserve a new instance
    136           * @return  index of SRTriacFeedbackLLI instance, 0xFF if all HBL_LLI_NUM_SRTRIACFEEDBACK are already allocated
    137           */
    138          uint8 SRTriacFeedbackLLI__Allocate(void)
    139          {
    140              uint8 retval = HBL_ALLOCATION_INVALID;
    141          
    142              (void) SRData__CheckByte(&SRTriacFeedbackLLI_Allocation, &N_SRTriacFeedbackLLI_Allocation);
    143              if(SRTriacFeedbackLLI_Allocation < (uint8) HBL_LLI_NUM_SRTRIACFEEDBACK)
    144              {
    145                  retval = SRTriacFeedbackLLI_Allocation;
    146                  SRData__UpdateByte(&SRTriacFeedbackLLI_Allocation, &N_SRTriacFeedbackLLI_Allocation, SRTriacFeedbackLLI_Allocation + 1U);
    147              }
    148              return (retval);
    149          }
    150          
    151          //---------------------------------------------------------------------------------------------------------------------
    152          /**
    153           * @brief      Initializes a new instance of SRTriacFeedbackLLI
    154           * @param   input     pointer to HBL_LLI_TYPE structure reserved for that instance
    155           * @return  PASS if initialize succeed, FAIL if there were any error
    156           */
    157          PASS_FAIL_TYPE SRTriacFeedbackLLI__InitializeInstance(HBL_LLI_TYPE * input)
    158          {
    159              PASS_FAIL_TYPE ret_status = FAIL;
    160          
    161              (void) SRData__CheckByte(&SRTriacFeedbackLLI_Allocation, &N_SRTriacFeedbackLLI_Allocation);
    162          
    163              if(input->Data_Index < SRTriacFeedbackLLI_Allocation)
    164              {
    165                  SRTRIACFEEDBACKLLI_DATA_TYPE *data = &SRTriacFeedbackLLI_Data[input->Data_Index];
    166                  SRTRIACFEEDBACKLLI_DATA_TYPE *n_data = &N_SRTriacFeedbackLLI_Data[input->Data_Index];
    167                  SRTRIACFEEDBACKLLI_PARAM_TYPE *feedback_param = (void *)input->Parameter_Ptr.Data;
    168                  GPIO_PIN_MODE_TYPE type = INPUT_FLOAT;
    169                  uint8 virtual_pin = input->Pin_Ptr[0];
    170          
    171                  (void) SRData__CheckArray(data, n_data, sizeof(SRTRIACFEEDBACKLLI_DATA_TYPE));
    172          
    173                  if((feedback_param != NULL) &&
    174                      ((uint8) feedback_param->Pull_Up != 0U))
    175                  {
    176                      type = INPUT_PULLUP;
    177                  }
    178          
    179                  if(virtual_pin < VirtualPin__GetNumOf())
    180                  {
    181                      Gpio__PinConfig(VIRTUALPIN_TABLE[virtual_pin].port, VIRTUALPIN_TABLE[virtual_pin].pin, type);
    182                      SRData__UpdateByte((void *) &data->Value,(void *) &n_data->Value, SRTRIAC_UNKNOWN_UNKNOWN_VALUE);
    183                      if(Gpio__CheckConfig(VIRTUALPIN_TABLE[virtual_pin].port,VIRTUALPIN_TABLE[virtual_pin].pin, type, FALSE))
    184                      {
    185                          ret_status = PASS;
    186                      }
    187                  }
    188              }
    189          
    190              return(ret_status);
    191          }
    192          
    193          //---------------------------------------------------------------------------------------------------------------------
    194          /**
    195           *  @brief      Provides current SRTriacFeedbackLLI value
    196           * @param   input     pointer to HBL_LLI_TYPE structure reserved for that instance
    197           * @return  Pointer to LLI Data structure (Public_Data.Output) or NULL if input points to an invalid item
    198           */
    199          void * SRTriacFeedbackLLI__Get(HBL_LLI_TYPE * input)
    200          {
    201              void *dataptr = NULL;
    202          
    203              (void)SRData__CheckByte(&SRTriacFeedbackLLI_Allocation, &N_SRTriacFeedbackLLI_Allocation);
    204              if (input->Data_Index < SRTriacFeedbackLLI_Allocation)
    205              {
    206                  (void) SRData__CheckByte((void *) &SRTriacFeedbackLLI_Data[input->Data_Index].Value, (void *) &N_SRTriacFeedbackLLI_Data[input->Data_Index].Value);
    207                  dataptr = &SRTriacFeedbackLLI_Data[input->Data_Index].Value;
    208              }
    209              return(dataptr);
    210          }
    211          
    212          //---------------------------------------------------------------------------------------------------------------------
    213          /**
    214           * @brief    Handler for SRTriacFeedbackLLI execution; this call (and sequence) checks SRTriacFeedbackLLI_Data and SRTriacFeedbackLLI_Allocation integrity
    215           */
    216          void SRTriacFeedbackLLI__Handler(void)
    217          {
    218              (void) SRData__CheckByte(&SRTriacFeedbackLLI_Allocation, &N_SRTriacFeedbackLLI_Allocation);
    219              (void) SRData__CheckArrayNonBlocking(SRTriacFeedbackLLI_Data, N_SRTriacFeedbackLLI_Data, sizeof(SRTriacFeedbackLLI_Data));
    220          
    221          #if (SYSTEM_ENABLE_TASKSEQUENCE == ENABLED)
    222              SRTaskSequence__SetSequenceStep(SRTASKSEQUENCE_APPL_SAFETY_THREAD, SRTASKSEQUENCE_APPL_SRTRIACFEEDBACK_CHECKS);
    223          #endif
    224          
    225          }
    226          
    227          //---------------------------------------------------------------------------------------------------------------------
    228          /**
    229           * @brief   Process function to read on Asynch Process (5ms) - it detects High or Low values if no Frequency event occurs and updates LLI
    230           * @param input     pointer to HBL_LLI_TYPE structure instance
    231           * @return  TRUE if a new sample is ready, FALSE otherwise
    232           */
    233          BOOL_TYPE SRTriacFeedbackLLI__AsynchProcess(HBL_LLI_TYPE * input)
    234          {
    235              BOOL_TYPE retval = FALSE;
    236          
    237              (void)SRData__CheckByte(&SRTriacFeedbackLLI_Allocation, &N_SRTriacFeedbackLLI_Allocation);
    238              if (input->Data_Index < SRTriacFeedbackLLI_Allocation)
    239              {
    240                  SRTRIACFEEDBACKLLI_DATA_TYPE *data = &SRTriacFeedbackLLI_Data[input->Data_Index];
    241                  SRTRIACFEEDBACKLLI_DATA_TYPE *n_data = &N_SRTriacFeedbackLLI_Data[input->Data_Index];
    242                  SRTRIACFEEDBACKLLI_PARAM_TYPE *feedback_param = (void *) input->Parameter_Ptr.Data;
    243                  uint8 n_read = DEFAULT_NUM_SAMPLES;
    244                  // Minimum number of samples to give priority between level (High / Low) or Frequency detection
    245                  uint8 level_freq_threshold = (uint8) (DEFAULT_NUM_SAMPLES / 2);
    246          
    247                  if(feedback_param != NULL)
    248                  {
    249                      uint8 param_read = 1U << ((uint8) feedback_param->N_Read);
    250                      if (param_read <= (uint8) MIN_NUM_SAMPLES)
    251                      {
    252                          param_read = (uint8) MIN_NUM_SAMPLES;
    253                      }
    254                      n_read = param_read;
    255                      level_freq_threshold = param_read / 2U;
    256                  }
    257          
    258                  (void) SRData__CheckArrayNonBlocking(data, n_data, sizeof(SRTriacFeedbackLLI_Data[0]));
    259                  // Update Feedback values if there are new samples coming from  1ms Process
    260                  if(data->Async_Sampling_Reference != data->Sampling_Counter)
    261                  {
    262                      MICRO_DECLARE_INTERRUPT_CONTEXT_LOCAL();
    263                      uint16 local_pin_buffer;
    264                      BOOL_TYPE valid_freq_detected = FALSE;
    265                      sint8 pin_value_counter = 0;
    266                      sint8 local_level_counter;
    267                      uint8 local_sampling_counter;
    268                      uint8 local_double_freq_counter;
    269                      uint8 local_freq_counter;
    270                      uint8 num_samples;
    271                      uint8 sample_reference;
    272          
    273                      // Take a snapshot of pin buffer and sample counter to prevent concurrent updates from OneMsProcess function
    274                      MICRO_SAVE_INTERRUPT_CONTEXT_LOCAL();
    275                      local_sampling_counter = data->Sampling_Counter;
    276                      local_pin_buffer = data->Pin_Buffer;
    277                      MICRO_RESTORE_INTERRUPT_CONTEXT_LOCAL();
    278          
    279                      // Get number of samples to process with a limit to 10 samples
    280                      // This limit comes from the falling edge transition pattern checks
    281                      num_samples = (uint8) (local_sampling_counter - data->Async_Sampling_Reference);
    282                      if(num_samples > 10U)
    283                      {
    284                          num_samples = 10U;
    285                      }
    286                      sample_reference = data->Async_Sampling_Reference + num_samples;
    287          
    288                      // Collects high, low pin value occurrences and detects a frequency signal through falling edge transitions:
    289                      // - It counts number of High and Low new samples collected
    290                      // - It detects a falling edge transition through a pattern detection:
    291                      //   - last 4 ms for a clean falling edge transition with a 2ms debounce for each edge (2ms ON, 2ms OFF)
    292                      //   - last 6 ms for a clean Charge pump signal (3 times: 1ms ON, 1ms OFF)
    293                      //   - last 6 ms for a noisy falling edge transition with a 2ms debounce for each steady edge (2ms ON, 1ms OFF, 1 ms ON, 2ms OFF)
    294                      //   - last 8 ms for a very noisy falling edge transition with a 2ms debounce for each steady edge (2ms ON, 1ms OFF, 1 ms ON, 1ms OFF, 1 ms ON, 2ms OFF)
    295                      // - When a frequency signal has been detected:
    296                      //   - it saves frequency time reference
    297                      //   - it updates the time between frequency event to estimate the cycle (period) time
    298                      for(uint8 i = 0; i < num_samples; i++)
    299                      {
    300                          uint16 pin_value = (local_pin_buffer & 0x01U);
    301          
    302                          // Update Level counter: increment if High pin value, decrement if Low pin value
    303                          if(pin_value != 0U)
    304                          {
    305                              pin_value_counter++;
    306                          }
    307                          else
    308                          {
    309                              pin_value_counter--;
    310                          }
    311          
    312                          // Find a frequency event based to a falling edge transition patterns, including noisy ones
    313                          if ((local_pin_buffer & 0x0FU) == 0x0CU)          // Check if a falling edge event occur with 2ms debounce (2 ON - 2 OFF)
    314                          {
    315                              UpdateLastFrequencyTimingEvents(data, n_data, sample_reference - 2U);
    316                          }
    317                          else if((local_pin_buffer & 0x1FU) == 0x04U)      // Check if a falling edge event occur with 1 ms spikes (2 OFF, 1 ON, 2 OFF)
    318                          {
    319                              UpdateLastFrequencyTimingEvents(data, n_data, sample_reference - 2U);
    320                          }
    321                          else if((local_pin_buffer & 0x1FU) == 0x1BU)      // Check if a falling edge event occur with 1 ms spikes (2 ON, 1 OFF, 2 ON)
    322                          {
    323                              UpdateLastFrequencyTimingEvents(data, n_data, sample_reference - 3U);
    324                          }
    325                          else if  ((local_pin_buffer & 0x3FU) == 0x34U)      // Check if a falling edge event occur with 2ms debounce and 1 ms spikes (2 ON, 1 OFF, 1 ON, 2 OFF)
    326                          {
    327                              UpdateLastFrequencyTimingEvents(data, n_data, sample_reference - 3U);
    328                          }
    329                          else if ((local_pin_buffer & 0xFFU) == 0xD4U)         // Check if a falling edge event occur with 2ms debounce and 1 ms spikes (2 ON, 1 OFF,1 ON, 1 OFF, 1 ON, 2 OFF)
    330                          {
    331                              UpdateLastFrequencyTimingEvents(data, n_data, sample_reference - 4U);
    332                          }
    333          
    334                          sample_reference--;
    335                          local_pin_buffer >>= 1U;
    336                      }
    337                      // Update Async Sampling Reference for the next execution
    338                      SRData__UpdateByte(&data->Async_Sampling_Reference, &n_data->Async_Sampling_Reference, local_sampling_counter);
    339          
    340                      // Check if no double frequency signal detected after LAST_FREQUENCY_EVENT_TIMEOUT / 2
    341                      // If no frequency events for more than timeout, switch to frequency detection
    342                      if((uint8) (local_sampling_counter - data->Last_Frequency_Event_Reference) >= (uint8) (LAST_FREQUENCY_EVENT_TIMEOUT / 2))
    343                      {
    344                          SRData__UpdateByte((void *) &data->Is_Detecting_Double_Frequency,(void *)  &n_data->Is_Detecting_Double_Frequency,(uint8) FALSE);
    345                      }
    346          
    347                      // Check if no frequency signal detected after LAST_FREQUENCY_EVENT_TIMEOUT
    348                      // If no frequency events for more than timeout, switch to level detection
    349                      if((uint8) (local_sampling_counter - data->Last_Frequency_Event_Reference) >= (uint8) LAST_FREQUENCY_EVENT_TIMEOUT)
    350                      {
    351                          SRData__UpdateByte((void *) &data->Is_Detecting_Frequency,(void *)  &n_data->Is_Detecting_Frequency,(uint8) FALSE);
    352                          SRData__UpdateByte(&data->Time_Between_Frequency_Events, &n_data->Time_Between_Frequency_Events, 0);
    353                      }
    354          
    355                     // Take a snapshot of Frequency, Double Frequency, Level event counters to
    356                     local_freq_counter = data->Frequency_Counter;
    357                     local_double_freq_counter = data->Double_Frequency_Counter;
    358                     local_level_counter = data->Level_Counter;
    359          
    360                      // Frequency detection: it checks if a valid frequency signal has been detected
    361                      // Valid frequency signals are Charge Pump and Mains (AC Signal) like frequency signal
    362                      if(data->Is_Detecting_Frequency)
    363                      {
    364                          SRTRIAC_FEEDBACK_LLI_OUTPUT_TYPE new_value = SRTRIAC_UNKNOWN_UNKNOWN_VALUE;
    365                          BOOL_TYPE is_mains_freq;
    366          
    367                          // Valid AC Signal frequency events happen within duration range - e.g. 45 Hz (22.22ms) - 65 Hz (15.38ms) range
    368                          is_mains_freq = (BOOL_TYPE) (data->Time_Between_Frequency_Events >= (uint8) MINIMUM_DURATION_ALLOWED);
    369                          is_mains_freq = (BOOL_TYPE) (is_mains_freq && (data->Time_Between_Frequency_Events <= (uint8) MAXIMUM_DURATION_ALLOWED));
    370          
    371                          if(is_mains_freq || data->Is_Detecting_Double_Frequency)
    372                          {
    373                              valid_freq_detected = TRUE;
    374          
    375                              // Increment the Double counter if Time between Frequency Events is less than the Mains frequency
    376                              if(data->Is_Detecting_Double_Frequency)
    377                              {
    378                                  local_double_freq_counter++;
    379                                  // If the number of Frequency event occurrences becomes higher than the half of valid samples to collect
    380                                  // Frequency detection takes precedence over Level and double frequency detection
    381                                  if(local_double_freq_counter >= level_freq_threshold)
    382                                  {
    383                                      local_level_counter = 0;
    384                                      local_freq_counter = 0;
    385                                  }
    386          
    387                                  // Update LLI value to Frequency (Phase / Opp.Phase) if number of valid samples have been collected
    388                                  if(local_double_freq_counter >= n_read)
    389                                  {
    390                                      new_value = SRTRIAC_FB_LLI_DOUBLE_GRID_FREQ;
    391                                  }
    392                              }
    393                              else
    394                              {
    395                                  local_freq_counter++;
    396                                  // If the number of Frequency event occurrences becomes higher than the half of valid samples to collect
    397                                  // Frequency detection takes precedence over Level and double frequency detection
    398                                  if(local_freq_counter >= level_freq_threshold)
    399                                  {
    400                                      local_level_counter = 0;
    401                                      local_double_freq_counter = 0;
    402                                  }
    403          
    404                                  // Update LLI value to Frequency (Phase / Opp.Phase) if number of valid samples have been collected
    405                                  if(local_freq_counter >= n_read)
    406                                  {
    407                                      new_value = SRTRIAC_FB_LLI_NOMINAL_GRID_FREQ;
    408                                  }
    409                              }
    410                          }
    411          
    412                          // Update LLI value to Frequency (Phase / Opp.Phase) if number of valid samples have been collected
    413                          if(new_value != SRTRIAC_UNKNOWN_UNKNOWN_VALUE)
    414                          {
    415                              SRData__UpdateByte((void *) &data->Value, (void *) &n_data->Value, (uint8) new_value);
    416                              local_freq_counter = 0;
    417                              local_double_freq_counter = 0;
    418                              retval = TRUE;
    419                          }
    420                      }
    421          
    422                      // If not valid Frequency signal has been detected, High / Low detection algorithm is performed
    423                      if(!valid_freq_detected)
    424                      {
    425                          // High value level event: Level counter is a positive number, higher than pin noise threshold
    426                          if(pin_value_counter >= SAMPLES_NOISE_THRESHOLD)
    427                          {
    428                              local_level_counter++;
    429                          }
    430                          // Low value level event: Level counter is a negative number, lower than pin noise threshold
    431                          else if(pin_value_counter <= -SAMPLES_NOISE_THRESHOLD)
    432                          {
    433                              local_level_counter--;
    434                          }
    435          
    436                          // If the number of High/Low value Level event occurrences becomes higher than the half of valid samples to collect
    437                          // Level detection takes precedence over Frequency detection
    438                          if((local_level_counter >= (sint8) level_freq_threshold) ||
    439                              (local_level_counter <= -((sint8) level_freq_threshold)))
    440                          {
    441                              local_freq_counter = 0;
    442                              local_double_freq_counter = 0;
    443                          }
    444          
    445                          // Update LLI value to High if number of valid samples have been collected
    446                          if(local_level_counter >= (sint8) n_read)
    447                          {
    448                              SRData__UpdateByte((void *) &data->Value, (void *) &n_data->Value, (uint8) SRTRIAC_FB_LLI_1_VALUE);
    449                              local_level_counter = 0;
    450                              retval = TRUE;
    451                          }
    452          
    453                          // Update LLI value to Low if number of valid samples have been collected
    454                          if(local_level_counter <= -((sint8) n_read))
    455                          {
    456                              SRData__UpdateByte((void *) &data->Value, (void *) &n_data->Value, (uint8) SRTRIAC_FB_LLI_0_VALUE);
    457                              local_level_counter = 0;
    458                              retval = TRUE;
    459                          }
    460                      }
    461          
    462                      SRData__UpdateByte(&data->Frequency_Counter, &n_data->Frequency_Counter, local_freq_counter);
    463                      SRData__UpdateByte(&data->Double_Frequency_Counter, &n_data->Double_Frequency_Counter, local_double_freq_counter);
    464                      SRData__UpdateByte((void *) &data->Level_Counter, (void *) &n_data->Level_Counter, (uint8) local_level_counter);
    465                  }
    466              }
    467          
    468              return(retval);
    469          }
    470          
    471          //---------------------------------------------------------------------------------------------------------------------
    472          /**
    473           *  @brief      Executes SRTriacFeedbackLLI 1ms sampling
    474           * @param       input - Hbl LLI Data structure of the instance to process
    475           * @return      FALSE    this process never updates LLI Sequence ID
    476           */
    477          BOOL_TYPE SRTriacFeedbackLLI__OneMsProcess(HBL_LLI_TYPE * input)
    478          {
    479              (void) SRData__CheckByte(&SRTriacFeedbackLLI_Allocation, &N_SRTriacFeedbackLLI_Allocation);
    480              if (input->Data_Index < SRTriacFeedbackLLI_Allocation)
    481              {
    482                  SRTRIACFEEDBACKLLI_DATA_TYPE *data = &SRTriacFeedbackLLI_Data[input->Data_Index];
    483                  SRTRIACFEEDBACKLLI_DATA_TYPE *n_data = &N_SRTriacFeedbackLLI_Data[input->Data_Index];
    484                  SRTRIACFEEDBACKLLI_PARAM_TYPE *feedback_param = (void *) input->Parameter_Ptr.Data;
    485                  uint8 virtual_pin = input->Pin_Ptr[0];
    486                  GPIO_PIN_MODE_TYPE type = INPUT_FLOAT;
    487          
    488                  // Check if Pull up configuration to match Gpio__CheckConfig
    489                  if((feedback_param != NULL) &&
    490                      ((uint8) feedback_param->Pull_Up != 0U))
    491                  {
    492                      type = INPUT_PULLUP;
    493                  }
    494          
    495                  if(Gpio__CheckConfig(VIRTUALPIN_TABLE[virtual_pin].port,VIRTUALPIN_TABLE[virtual_pin].pin, type, FALSE))
    496                  {
    497                      uint8 pin_value = (uint8) Gpio__PinRead(VIRTUALPIN_TABLE[virtual_pin].port, VIRTUALPIN_TABLE[virtual_pin].pin);
    498                      uint16 pin_buffer;
    499          
    500                      // Inverted logic flag enabled
    501                      if((feedback_param != NULL) &&
    502                          ((uint8) feedback_param->Inverted != 0U))
    503                      {
    504                          pin_value = (pin_value == 0U) ? 1U : 0U;
    505                      }
    506          
    507                      // Update pin buffer with a new sample
    508                      (void) SRData__CheckShort(&data->Pin_Buffer, &n_data->Pin_Buffer);
    509                      pin_buffer = data->Pin_Buffer;
    510                      pin_buffer  <<= 1U;
    511                      pin_buffer |= (uint16) pin_value & 0x01U;
    512                      SRData__UpdateShort(&data->Pin_Buffer, &n_data->Pin_Buffer, pin_buffer);
    513          
    514                      // Update sampling counter
    515                      (void) SRData__CheckByte(&data->Sampling_Counter, &n_data->Sampling_Counter);
    516                      SRData__UpdateByte(&data->Sampling_Counter, &n_data->Sampling_Counter, data->Sampling_Counter + 1U);
    517                  }
    518              }
    519              return(FALSE);
    520          }
    521          
    522          //=====================================================================================================================
    523          //-------------------------------------- Private Functions ------------------------------------------------------------
    524          //=====================================================================================================================
    525          
    526          /*
    527           *
    528           */
    529          static void UpdateLastFrequencyTimingEvents(SRTRIACFEEDBACKLLI_DATA_TYPE *data_ptr, SRTRIACFEEDBACKLLI_DATA_TYPE *n_data_ptr, uint8 new_frequency_reference)
    530          {
    531              if(data_ptr->Is_Detecting_Frequency)
    532              {
    533                  BOOL_TYPE is_double_freq;
    534                  SRData__UpdateByte(&data_ptr->Time_Between_Frequency_Events, &n_data_ptr->Time_Between_Frequency_Events, new_frequency_reference - data_ptr->Last_Frequency_Event_Reference);
    535                  // Valid AC Signal frequency events happen within half of durationr range - e.g. 45 Hz (11.11ms) - 65 Hz (7.38ms) range
    536                  is_double_freq = (BOOL_TYPE) (data_ptr->Time_Between_Frequency_Events >= (uint8) MINIMUM_HALF_DURATION_ALLOWED);
    537                  is_double_freq = (BOOL_TYPE) (is_double_freq && (data_ptr->Time_Between_Frequency_Events <= (uint8) MAXIMUM_HALF_DURATION_ALLOWED));
    538                  SRData__UpdateByte((void *) &data_ptr->Is_Detecting_Double_Frequency,(void *)  &n_data_ptr->Is_Detecting_Double_Frequency,(uint8) is_double_freq);
    539              }
    540              SRData__UpdateByte(&data_ptr->Last_Frequency_Event_Reference, &n_data_ptr->Last_Frequency_Event_Reference, new_frequency_reference);
    541              SRData__UpdateByte((void *) &data_ptr->Is_Detecting_Frequency,(void *)  &n_data_ptr->Is_Detecting_Frequency,(uint8) TRUE);
    542          }
    543          
    544          
    545          #endif


 

 


Errors: none
Warnings: none
